Archive member included to satisfy reference by file (symbol)

/opt/devkitpro/libctru/lib/libcitro2d.a(base.o)
                              main.o (C2D_Init)
/opt/devkitpro/libctru/lib/libcitro2d.a(text.o)
                              main.o (C2D_TextBufNew)
/opt/devkitpro/libctru/lib/libcitro2d.a(font.o)
                              /opt/devkitpro/libctru/lib/libcitro2d.a(text.o) (C2D_FontGlyphIndexFromCodePoint)
/opt/devkitpro/libctru/lib/libcitro2d.a(render2d.shbin.o)
                              /opt/devkitpro/libctru/lib/libcitro2d.a(base.o) (render2d_shbin)
/opt/devkitpro/libctru/lib/libcitro3d.a(attribs.o)
                              /opt/devkitpro/libctru/lib/libcitro2d.a(base.o) (AttrInfo_Init)
/opt/devkitpro/libctru/lib/libcitro3d.a(base.o)
                              /opt/devkitpro/libctru/lib/libcitro3d.a(attribs.o) (__C3D_Context)
/opt/devkitpro/libctru/lib/libcitro3d.a(buffers.o)
                              /opt/devkitpro/libctru/lib/libcitro2d.a(base.o) (BufInfo_Init)
/opt/devkitpro/libctru/lib/libcitro3d.a(drawElements.o)
                              /opt/devkitpro/libctru/lib/libcitro2d.a(base.o) (C3D_DrawElements)
/opt/devkitpro/libctru/lib/libcitro3d.a(effect.o)
                              /opt/devkitpro/libctru/lib/libcitro3d.a(base.o) (C3D_DepthMap)
/opt/devkitpro/libctru/lib/libcitro3d.a(framebuffer.o)
                              /opt/devkitpro/libctru/lib/libcitro3d.a(base.o) (C3Di_FrameBufBind)
/opt/devkitpro/libctru/lib/libcitro3d.a(immediate.o)
                              /opt/devkitpro/libctru/lib/libcitro3d.a(base.o) (C3D_ImmSendAttrib)
/opt/devkitpro/libctru/lib/libcitro3d.a(proctex.o)
                              /opt/devkitpro/libctru/lib/libcitro2d.a(base.o) (C3D_ProcTexInit)
/opt/devkitpro/libctru/lib/libcitro3d.a(renderqueue.o)
                              /opt/devkitpro/libctru/lib/libcitro3d.a(base.o) (C3Di_RenderQueueEnableVBlank)
/opt/devkitpro/libctru/lib/libcitro3d.a(texenv.o)
                              /opt/devkitpro/libctru/lib/libcitro2d.a(base.o) (C3D_GetTexEnv)
/opt/devkitpro/libctru/lib/libcitro3d.a(texture.o)
                              /opt/devkitpro/libctru/lib/libcitro2d.a(base.o) (C3D_TexBind)
/opt/devkitpro/libctru/lib/libcitro3d.a(uniforms.o)
                              /opt/devkitpro/libctru/lib/libcitro3d.a(base.o) (C3D_UpdateUniforms)
/opt/devkitpro/libctru/lib/libcitro3d.a(mtx_multiply.o)
                              /opt/devkitpro/libctru/lib/libcitro2d.a(base.o) (Mtx_Multiply)
/opt/devkitpro/libctru/lib/libcitro3d.a(mtx_ortho.o)
                              /opt/devkitpro/libctru/lib/libcitro2d.a(base.o) (Mtx_Ortho)
/opt/devkitpro/libctru/lib/libcitro3d.a(mtx_orthotilt.o)
                              /opt/devkitpro/libctru/lib/libcitro2d.a(base.o) (Mtx_OrthoTilt)
/opt/devkitpro/libctru/lib/libcitro3d.a(mtx_rotatez.o)
                              /opt/devkitpro/libctru/lib/libcitro2d.a(base.o) (Mtx_RotateZ)
/opt/devkitpro/libctru/lib/libcitro3d.a(mtx_scale.o)
                              /opt/devkitpro/libctru/lib/libcitro2d.a(base.o) (Mtx_Scale)
/opt/devkitpro/libctru/lib/libcitro3d.a(mtx_translate.o)
                              /opt/devkitpro/libctru/lib/libcitro2d.a(base.o) (Mtx_Translate)
/opt/devkitpro/libctru/lib/libctru.a(linear.o)
                              /opt/devkitpro/libctru/lib/libcitro2d.a(base.o) (linearAlloc)
/opt/devkitpro/libctru/lib/libctru.a(mem_pool.o)
                              /opt/devkitpro/libctru/lib/libctru.a(linear.o) (MemPool::Allocate(MemChunk&, unsigned long, int))
/opt/devkitpro/libctru/lib/libctru.a(vram.o)
                              /opt/devkitpro/libctru/lib/libcitro3d.a(renderqueue.o) (vramAlloc)
/opt/devkitpro/libctru/lib/libctru.a(font.o)
                              /opt/devkitpro/libctru/lib/libcitro2d.a(text.o) (fontEnsureMapped)
/opt/devkitpro/libctru/lib/libctru.a(gfx.o)
                              /opt/devkitpro/libctru/lib/libcitro2d.a(base.o) (gfxIsWide)
/opt/devkitpro/libctru/lib/libctru.a(os.o)
                              /opt/devkitpro/libctru/lib/libcitro3d.a(buffers.o) (osConvertVirtToPhys)
/opt/devkitpro/libctru/lib/libctru.a(romfs_dev.o)
                              main.o (romfsMountSelf)
/opt/devkitpro/libctru/lib/libctru.a(gpu.o)
                              /opt/devkitpro/libctru/lib/libcitro3d.a(base.o) (gpuCmdBufOffset)
/opt/devkitpro/libctru/lib/libctru.a(gx.o)
                              /opt/devkitpro/libctru/lib/libcitro3d.a(renderqueue.o) (GX_BindQueue)
/opt/devkitpro/libctru/lib/libctru.a(gxqueue.o)
                              /opt/devkitpro/libctru/lib/libcitro3d.a(renderqueue.o) (gxCmdQueueClear)
/opt/devkitpro/libctru/lib/libctru.a(shaderProgram.o)
                              /opt/devkitpro/libctru/lib/libcitro2d.a(base.o) (shaderInstanceGetUniformLocation)
/opt/devkitpro/libctru/lib/libctru.a(shbin.o)
                              /opt/devkitpro/libctru/lib/libcitro2d.a(base.o) (DVLB_ParseFile)
[...]
Memory Configuration

Name             Origin             Length             Attributes
*default*        0x00000000         0xffffffff

Linker script and memory map

                0x00000000                        __sync_synchronize = __sync_synchronize_dmb
                0x00100000                        PROVIDE (__start__ = 0x100000)
                0x00100000                        . = __start__

.text           0x00100000    0x206b8
 *(.crt0)
 .crt0          0x00100000       0x94 /opt/devkitpro/devkitARM/bin/../lib/gcc/arm-none-eabi/14.2.0/../../../../arm-none-eabi/lib/armv6k/fpu/3dsx_crt0.o
                0x00100000                _start
                0x00100008                __service_ptr
                0x0010000c                __apt_appid
                0x00100010                __heap_size
                0x00100014                __linear_heap_size
                0x00100018                __system_arglist
                0x0010001c                __system_runflags
 *(.init)
 .init          0x00100094        0xc /opt/devkitpro/devkitARM/bin/../lib/gcc/arm-none-eabi/14.2.0/armv6k/fpu/crti.o
                0x00100094                _init
 .init          0x001000a0        0xc /opt/devkitpro/devkitARM/bin/../lib/gcc/arm-none-eabi/14.2.0/armv6k/fpu/crtn.o
                0x001000ac                        . = ALIGN (0x4)
 *(.text)
 .text          0x001000ac      0x20c /opt/devkitpro/devkitARM/bin/../lib/gcc/arm-none-eabi/14.2.0/armv6k/fpu/libgcc.a(_udivsi3.o)
                0x001000ac                __udivsi3
                0x001000ac                __aeabi_uidiv
                0x00100298                __aeabi_uidivmod
 .text          0x001002b8      0x240 /opt/devkitpro/devkitARM/bin/../lib/gcc/arm-none-eabi/14.2.0/armv6k/fpu/libgcc.a(_divsi3.o)
                0x001002b8                __aeabi_idiv
                0x001002b8                __divsi3
                0x001004d8                __aeabi_idivmod
 .text          0x001004f8        0x4 /opt/devkitpro/devkitARM/bin/../lib/gcc/arm-none-eabi/14.2.0/armv6k/fpu/libgcc.a(_dvmd_tls.o)
                0x001004f8                __aeabi_ldiv0
                0x001004f8                __aeabi_idiv0
 .text          0x001004fc       0xd4 /opt/devkitpro/devkitARM/bin/../lib/gcc/arm-none-eabi/14.2.0/armv6k/fpu/libgcc.a(_aeabi_ldivmod.o)
                0x001004fc                __aeabi_ldivmod
 .text          0x001005d0       0x3c /opt/devkitpro/devkitARM/bin/../lib/gcc/arm-none-eabi/14.2.0/armv6k/fpu/libgcc.a(_aeabi_uldivmod.o)
                0x001005d0                __aeabi_uldivmod
 *fill*         0x0010060c       0x14 
 .text          0x00100620      0x390 /opt/devkitpro/devkitARM/bin/../lib/gcc/arm-none-eabi/14.2.0/../../../../arm-none-eabi/lib/armv6k/fpu/libg.a(libc_a-strcmp.o)
                0x00100628                strcmp
 *(.text.*)
 .text.__do_global_dtors_aux
                0x001009b0       0x40 /opt/devkitpro/devkitARM/bin/../lib/gcc/arm-none-eabi/14.2.0/armv6k/fpu/crtbegin.o
 .text.frame_dummy
                0x001009f0       0x2c /opt/devkitpro/devkitARM/bin/../lib/gcc/arm-none-eabi/14.2.0/armv6k/fpu/crtbegin.o
 .text.ensureSelectionIsVisible
                0x00100a1c       0xbc main.o
 .text.setupListItems
                0x00100ad8      0x378 main.o
 .text.startup.main
                0x00100e50      0x688 main.o
                0x00100e50                main
 .text.C2Di_FrameEndHook
                0x001014d8       0x44 /opt/devkitpro/libctru/lib/libcitro2d.a(base.o)
 *fill*         0x0010151c        0x4 
 .text.C2D_Init
                0x00101520      0x36c /opt/devkitpro/libctru/lib/libcitro2d.a(base.o)
                0x00101520                C2D_Init
 .text.C2D_Fini
                0x0010188c       0x4c /opt/devkitpro/libctru/lib/libcitro2d.a(base.o)
                0x0010188c                C2D_Fini
 .text.C2D_Prepare
                0x001018d8       0xb8 /opt/devkitpro/libctru/lib/libcitro2d.a(base.o)
                0x001018d8                C2D_Prepare
 .text.C2D_Flush
                0x00101990       0x48 /opt/devkitpro/libctru/lib/libcitro2d.a(base.o)
                0x00101990                C2D_Flush
 .text.C2D_SceneSize
                0x001019d8      0x104 /opt/devkitpro/libctru/lib/libcitro2d.a(base.o)
                0x001019d8                C2D_SceneSize
 .text.C2D_CreateScreenTarget
                0x00101adc       0x58 /opt/devkitpro/libctru/lib/libcitro2d.a(base.o)
                0x00101adc                C2D_CreateScreenTarget
 .text.C2D_TargetClear
                0x00101b34       0x64 /opt/devkitpro/libctru/lib/libcitro2d.a(base.o)
                0x00101b34                C2D_TargetClear
 .text.C2Di_AppendQuad
                0x00101b98       0x58 /opt/devkitpro/libctru/lib/libcitro2d.a(base.o)
                0x00101b98                C2Di_AppendQuad
 .text.C2Di_AppendVtx
                0x00101bf0       0x40 /opt/devkitpro/libctru/lib/libcitro2d.a(base.o)
                0x00101bf0                C2Di_AppendVtx
 .text.C2Di_Update
                0x00101c30      0x550 /opt/devkitpro/libctru/lib/libcitro2d.a(base.o)
                0x00101c30                C2Di_Update
 .text.C2D_DrawRectangle
                0x00102180      0x158 /opt/devkitpro/libctru/lib/libcitro2d.a(base.o)
                0x00102180                C2D_DrawRectangle
 .text.C2Di_GlyphComp
                0x001022d8       0x18 /opt/devkitpro/libctru/lib/libcitro2d.a(text.o)
 .text.C2Di_CalcLineWidths
                0x001022f0      0x140 /opt/devkitpro/libctru/lib/libcitro2d.a(text.o)
 .text.C2D_TextBufNew
                0x00102430      0x1dc /opt/devkitpro/libctru/lib/libcitro2d.a(text.o)
                0x00102430                C2D_TextBufNew
 .text.C2D_TextBufDelete
                0x0010260c        0x4 /opt/devkitpro/libctru/lib/libcitro2d.a(text.o)
                0x0010260c                C2D_TextBufDelete
 .text.C2D_TextBufClear
                0x00102610        0xc /opt/devkitpro/libctru/lib/libcitro2d.a(text.o)
                0x00102610                C2D_TextBufClear
 .text.C2D_TextFontParseLine
                0x0010261c      0x1c8 /opt/devkitpro/libctru/lib/libcitro2d.a(text.o)
                0x0010261c                C2D_TextFontParseLine
 .text.C2D_TextFontParse
                0x001027e4       0xa8 /opt/devkitpro/libctru/lib/libcitro2d.a(text.o)
                0x001027e4                C2D_TextFontParse
 .text.C2D_TextParse
                0x0010288c       0x14 /opt/devkitpro/libctru/lib/libcitro2d.a(text.o)
                0x0010288c                C2D_TextParse
 .text.C2D_TextOptimize
                0x001028a0       0x30 /opt/devkitpro/libctru/lib/libcitro2d.a(text.o)
                0x001028a0                C2D_TextOptimize
 .text.C2D_DrawText
                0x001028d0      0xf6c /opt/devkitpro/libctru/lib/libcitro2d.a(text.o)
                0x001028d0                C2D_DrawText
 .text.C2D_FontGlyphIndexFromCodePoint
                0x0010383c       0x44 /opt/devkitpro/libctru/lib/libcitro2d.a(font.o)
                0x0010383c                C2D_FontGlyphIndexFromCodePoint
 .text.C2D_FontCalcGlyphPos
                0x00103880       0x78 /opt/devkitpro/libctru/lib/libcitro2d.a(font.o)
                0x00103880                C2D_FontCalcGlyphPos
 .text.AttrInfo_Init
                0x001038f8       0x28 /opt/devkitpro/libctru/lib/libcitro3d.a(attribs.o)
                0x001038f8                AttrInfo_Init
 .text.AttrInfo_AddLoader
                0x00103920       0x94 /opt/devkitpro/libctru/lib/libcitro3d.a(attribs.o)
                0x00103920                AttrInfo_AddLoader
 .text.C3D_SetAttrInfo
                0x001039b4       0x54 /opt/devkitpro/libctru/lib/libcitro3d.a(attribs.o)
                0x001039b4                C3D_SetAttrInfo
 .text.C3Di_AttrInfoBind
                0x00103a08       0x80 /opt/devkitpro/libctru/lib/libcitro3d.a(attribs.o)
                0x00103a08                C3Di_AttrInfoBind
 .text.C3Di_LightEnvUpdate
                0x00103a88        0x4 /opt/devkitpro/libctru/lib/libcitro3d.a(base.o)
                0x00103a88                C3Di_LightEnvUpdate
 .text.C3Di_LightEnvDirty
                0x00103a8c        0x4 /opt/devkitpro/libctru/lib/libcitro3d.a(base.o)
                0x00103a8c                C3Di_LightEnvDirty
 .text.C3Di_AptEventHook
                0x00103a90       0xb4 /opt/devkitpro/libctru/lib/libcitro3d.a(base.o)
 .text.C3Di_GasUpdate
                0x00103b44        0x4 /opt/devkitpro/libctru/lib/libcitro3d.a(base.o)
                0x00103b44                C3Di_GasUpdate
 .text.C3D_Init
                0x00103b48      0x1d0 /opt/devkitpro/libctru/lib/libcitro3d.a(base.o)
                0x00103b48                C3D_Init
 .text.C3D_SetViewport
                0x00103d18       0x98 /opt/devkitpro/libctru/lib/libcitro3d.a(base.o)
                0x00103d18                C3D_SetViewport
 .text.C3Di_UpdateContext
                0x00103db0      0x4e8 /opt/devkitpro/libctru/lib/libcitro3d.a(base.o)
                0x00103db0                C3Di_UpdateContext
 .text.C3Di_SplitFrame
                0x00104298       0xe0 /opt/devkitpro/libctru/lib/libcitro3d.a(base.o)
                0x00104298                C3Di_SplitFrame
 .text.C3D_Fini
                0x00104378       0x44 /opt/devkitpro/libctru/lib/libcitro3d.a(base.o)
                0x00104378                C3D_Fini
 .text.C3D_BindProgram
                0x001043bc      0x194 /opt/devkitpro/libctru/lib/libcitro3d.a(base.o)
                0x001043bc                C3D_BindProgram
 .text.BufInfo_Init
                0x00104550       0x24 /opt/devkitpro/libctru/lib/libcitro3d.a(buffers.o)
                0x00104550                BufInfo_Init
 .text.BufInfo_Add
                0x00104574       0x80 /opt/devkitpro/libctru/lib/libcitro3d.a(buffers.o)
                0x00104574                BufInfo_Add
 .text.C3D_SetBufInfo
                0x001045f4       0x3c /opt/devkitpro/libctru/lib/libcitro3d.a(buffers.o)
                0x001045f4                C3D_SetBufInfo
 .text.C3Di_BufInfoBind
                0x00104630       0x48 /opt/devkitpro/libctru/lib/libcitro3d.a(buffers.o)
                0x00104630                C3Di_BufInfoBind
 .text.C3D_DrawElements
                0x00104678      0x21c /opt/devkitpro/libctru/lib/libcitro3d.a(drawElements.o)
                0x00104678                C3D_DrawElements
 .text.C3D_DepthMap
                0x00104894       0x40 /opt/devkitpro/libctru/lib/libcitro3d.a(effect.o)
                0x00104894                C3D_DepthMap
 .text.C3D_CullFace
                0x001048d4       0x1c /opt/devkitpro/libctru/lib/libcitro3d.a(effect.o)
                0x001048d4                C3D_CullFace
 .text.C3D_StencilTest
                0x001048f0       0x40 /opt/devkitpro/libctru/lib/libcitro3d.a(effect.o)
                0x001048f0                C3D_StencilTest
 .text.C3D_StencilOp
                0x00104930       0x24 /opt/devkitpro/libctru/lib/libcitro3d.a(effect.o)
                0x00104930                C3D_StencilOp
 .text.C3D_BlendingColor
                0x00104954       0x1c /opt/devkitpro/libctru/lib/libcitro3d.a(effect.o)
                0x00104954                C3D_BlendingColor
 .text.C3D_EarlyDepthTest
                0x00104970       0x24 /opt/devkitpro/libctru/lib/libcitro3d.a(effect.o)
                0x00104970                C3D_EarlyDepthTest
 .text.C3D_DepthTest
                0x00104994       0x2c /opt/devkitpro/libctru/lib/libcitro3d.a(effect.o)
                0x00104994                C3D_DepthTest
 .text.C3D_AlphaTest
                0x001049c0       0x2c /opt/devkitpro/libctru/lib/libcitro3d.a(effect.o)
                0x001049c0                C3D_AlphaTest
 .text.C3D_AlphaBlend
                0x001049ec       0x50 /opt/devkitpro/libctru/lib/libcitro3d.a(effect.o)
                0x001049ec                C3D_AlphaBlend
 .text.C3D_FragOpMode
                0x00104a3c       0x30 /opt/devkitpro/libctru/lib/libcitro3d.a(effect.o)
                0x00104a3c                C3D_FragOpMode
 .text.C3D_FragOpShadow
                0x00104a6c       0x44 /opt/devkitpro/libctru/lib/libcitro3d.a(effect.o)
                0x00104a6c                C3D_FragOpShadow
 .text.C3Di_EffectBind
                0x00104ab0      0x1ac /opt/devkitpro/libctru/lib/libcitro3d.a(effect.o)
                0x00104ab0                C3Di_EffectBind
 .text.C3D_CalcColorBufSize
                0x00104c5c       0x1c /opt/devkitpro/libctru/lib/libcitro3d.a(framebuffer.o)
                0x00104c5c                C3D_CalcColorBufSize
 .text.C3D_CalcDepthBufSize
                0x00104c78       0x1c /opt/devkitpro/libctru/lib/libcitro3d.a(framebuffer.o)
                0x00104c78                C3D_CalcDepthBufSize
 .text.C3D_SetFrameBuf
                0x00104c94       0x44 /opt/devkitpro/libctru/lib/libcitro3d.a(framebuffer.o)
                0x00104c94                C3D_SetFrameBuf
 .text.C3Di_FrameBufBind
                0x00104cd8      0x16c /opt/devkitpro/libctru/lib/libcitro3d.a(framebuffer.o)
                0x00104cd8                C3Di_FrameBufBind
 .text.C3D_FrameBufClear
                0x00104e44       0xc8 /opt/devkitpro/libctru/lib/libcitro3d.a(framebuffer.o)
                0x00104e44                C3D_FrameBufClear
 .text.C3D_FrameBufTransfer
                0x00104f0c       0x44 /opt/devkitpro/libctru/lib/libcitro3d.a(framebuffer.o)
                0x00104f0c                C3D_FrameBufTransfer
 .text.C3D_ImmSendAttrib
                0x00104f50       0xa8 /opt/devkitpro/libctru/lib/libcitro3d.a(immediate.o)
                0x00104f50                C3D_ImmSendAttrib
 .text.C3D_ProcTexInit
                0x00104ff8       0x70 /opt/devkitpro/libctru/lib/libcitro3d.a(proctex.o)
                0x00104ff8                C3D_ProcTexInit
 .text.C3D_ProcTexBind
                0x00105068       0x54 /opt/devkitpro/libctru/lib/libcitro3d.a(proctex.o)
                0x00105068                C3D_ProcTexBind
 .text.C3D_ProcTexLutBind
                0x001050bc       0x5c /opt/devkitpro/libctru/lib/libcitro3d.a(proctex.o)
                0x001050bc                C3D_ProcTexLutBind
 .text.ProcTexLut_FromArray
                0x00105118       0xa4 /opt/devkitpro/libctru/lib/libcitro3d.a(proctex.o)
                0x00105118                ProcTexLut_FromArray
 .text.C3Di_ProcTexUpdate
                0x001051bc      0x178 /opt/devkitpro/libctru/lib/libcitro3d.a(proctex.o)
                0x001051bc                C3Di_ProcTexUpdate
 .text.C3Di_ProcTexDirty
                0x00105334       0x68 /opt/devkitpro/libctru/lib/libcitro3d.a(proctex.o)
                0x00105334                C3Di_ProcTexDirty
 .text.onVBlank0
                0x0010539c       0x4c /opt/devkitpro/libctru/lib/libcitro3d.a(renderqueue.o)
 .text.onVBlank1
                0x001053e8       0x4c /opt/devkitpro/libctru/lib/libcitro3d.a(renderqueue.o)
 .text.C3Di_RenderTargetDestroy
                0x00105434       0x80 /opt/devkitpro/libctru/lib/libcitro3d.a(renderqueue.o)
 .text.onQueueFinish
                0x001054b4       0xf4 /opt/devkitpro/libctru/lib/libcitro3d.a(renderqueue.o)
 .text.C3Di_RenderQueueEnableVBlank
                0x001055a8       0x38 /opt/devkitpro/libctru/lib/libcitro3d.a(renderqueue.o)
                0x001055a8                C3Di_RenderQueueEnableVBlank
 .text.C3Di_RenderQueueDisableVBlank
                0x001055e0       0x30 /opt/devkitpro/libctru/lib/libcitro3d.a(renderqueue.o)
                0x001055e0                C3Di_RenderQueueDisableVBlank
 .text.C3Di_RenderQueueInit
                0x00105610       0x60 /opt/devkitpro/libctru/lib/libcitro3d.a(renderqueue.o)
                0x00105610                C3Di_RenderQueueInit
 .text.C3Di_RenderQueueExit
                0x00105670       0xb4 /opt/devkitpro/libctru/lib/libcitro3d.a(renderqueue.o)
                0x00105670                C3Di_RenderQueueExit
 .text.C3Di_RenderQueueWaitDone
                0x00105724       0x34 /opt/devkitpro/libctru/lib/libcitro3d.a(renderqueue.o)
                0x00105724                C3Di_RenderQueueWaitDone
 .text.C3D_FrameBegin
                0x00105758       0xe8 /opt/devkitpro/libctru/lib/libcitro3d.a(renderqueue.o)
                0x00105758                C3D_FrameBegin
 .text.C3D_FrameDrawOn
                0x00105840       0x48 /opt/devkitpro/libctru/lib/libcitro3d.a(renderqueue.o)
                0x00105840                C3D_FrameDrawOn
 .text.C3D_FrameSplit
                0x00105888       0x58 /opt/devkitpro/libctru/lib/libcitro3d.a(renderqueue.o)
                0x00105888                C3D_FrameSplit
 .text.C3D_FrameEnd
                0x001058e0      0x1d0 /opt/devkitpro/libctru/lib/libcitro3d.a(renderqueue.o)
                0x001058e0                C3D_FrameEnd
 .text.C3D_FrameEndHook
                0x00105ab0       0x1c /opt/devkitpro/libctru/lib/libcitro3d.a(renderqueue.o)
                0x00105ab0                C3D_FrameEndHook
 .text.C3D_RenderTargetCreate
                0x00105acc      0x170 /opt/devkitpro/libctru/lib/libcitro3d.a(renderqueue.o)
                0x00105acc                C3D_RenderTargetCreate
 .text.C3D_RenderTargetSetOutput
                0x00105c3c       0xa8 /opt/devkitpro/libctru/lib/libcitro3d.a(renderqueue.o)
                0x00105c3c                C3D_RenderTargetSetOutput
 .text.C3D_GetTexEnv
                0x00105ce4       0x34 /opt/devkitpro/libctru/lib/libcitro3d.a(texenv.o)
                0x00105ce4                C3D_GetTexEnv
 .text.C3Di_TexEnvBind
                0x00105d18       0x24 /opt/devkitpro/libctru/lib/libcitro3d.a(texenv.o)
                0x00105d18                C3Di_TexEnvBind
 .text.C3D_TexBind
                0x00105d3c       0x44 /opt/devkitpro/libctru/lib/libcitro3d.a(texture.o)
                0x00105d3c                C3D_TexBind
 .text.C3Di_SetTex
                0x00105d80      0x14c /opt/devkitpro/libctru/lib/libcitro3d.a(texture.o)
                0x00105d80                C3Di_SetTex
 .text.C3D_UpdateUniforms
                0x00105ecc      0x290 /opt/devkitpro/libctru/lib/libcitro3d.a(uniforms.o)
                0x00105ecc                C3D_UpdateUniforms
 .text.C3Di_DirtyUniforms
                0x0010615c       0xc0 /opt/devkitpro/libctru/lib/libcitro3d.a(uniforms.o)
                0x0010615c                C3Di_DirtyUniforms
 .text.C3Di_LoadShaderUniforms
                0x0010621c       0xd8 /opt/devkitpro/libctru/lib/libcitro3d.a(uniforms.o)
                0x0010621c                C3Di_LoadShaderUniforms
 .text.C3Di_ClearShaderUniforms
                0x001062f4       0x28 /opt/devkitpro/libctru/lib/libcitro3d.a(uniforms.o)
                0x001062f4                C3Di_ClearShaderUniforms
 .text.Mtx_Ortho
                0x0010631c       0xcc /opt/devkitpro/libctru/lib/libcitro3d.a(mtx_ortho.o)
                0x0010631c                Mtx_Ortho
 .text.Mtx_OrthoTilt
                0x001063e8       0xcc /opt/devkitpro/libctru/lib/libcitro3d.a(mtx_orthotilt.o)
                0x001063e8                Mtx_OrthoTilt
 .text._ZL21addrMapNodeComparatorPK11rbtree_nodeS1_
                0x001064b4       0x24 /opt/devkitpro/libctru/lib/libctru.a(linear.o)
 .text._ZL21addrMapNodeDestructorP11rbtree_node
                0x001064d8        0x4 /opt/devkitpro/libctru/lib/libctru.a(linear.o)
 .text.linearMemAlign
                0x001064dc      0x120 /opt/devkitpro/libctru/lib/libctru.a(linear.o)
                0x001064dc                linearMemAlign
 .text.linearAlloc
                0x001065fc        0x8 /opt/devkitpro/libctru/lib/libctru.a(linear.o)
                0x001065fc                linearAlloc
 .text.linearFree
                0x00106604       0x5c /opt/devkitpro/libctru/lib/libctru.a(linear.o)
                0x00106604                linearFree
 .text._ZN7MemPool13CoalesceRightEP8MemBlock
                0x00106660       0x84 /opt/devkitpro/libctru/lib/libctru.a(mem_pool.o)
                0x00106660                MemPool::CoalesceRight(MemBlock*)
 .text._ZN7MemPool8AllocateER8MemChunkmi
                0x001066e4      0x150 /opt/devkitpro/libctru/lib/libctru.a(mem_pool.o)
                0x001066e4                MemPool::Allocate(MemChunk&, unsigned long, int)
 .text._ZN7MemPool10DeallocateERK8MemChunk
                0x00106834       0xfc /opt/devkitpro/libctru/lib/libctru.a(mem_pool.o)
                0x00106834                MemPool::Deallocate(MemChunk const&)
 .text._ZN7MemPool12GetFreeSpaceEv
                0x00106930       0x30 /opt/devkitpro/libctru/lib/libctru.a(mem_pool.o)
                0x00106930                MemPool::GetFreeSpace()
 .text._ZL21addrMapNodeComparatorPK11rbtree_nodeS1_
                0x00106960       0x24 /opt/devkitpro/libctru/lib/libctru.a(vram.o)
 .text._ZL21addrMapNodeDestructorP11rbtree_node
                0x00106984        0x4 /opt/devkitpro/libctru/lib/libctru.a(vram.o)
 .text.vramMemAlignAt
                0x00106988      0x244 /opt/devkitpro/libctru/lib/libctru.a(vram.o)
                0x00106988                vramMemAlignAt
 .text.vramAlloc
                0x00106bcc        0xc /opt/devkitpro/libctru/lib/libctru.a(vram.o)
                0x00106bcc                vramAlloc
 .text.vramAllocAt
                0x00106bd8        0xc /opt/devkitpro/libctru/lib/libctru.a(vram.o)
                0x00106bd8                vramAllocAt
 .text.vramFree
                0x00106be4       0x90 /opt/devkitpro/libctru/lib/libctru.a(vram.o)
                0x00106be4                vramFree
 .text.fontEnsureMapped
                0x00106c74       0x94 /opt/devkitpro/libctru/lib/libctru.a(font.o)
                0x00106c74                fontEnsureMapped
 .text.fontGlyphIndexFromCodePoint
                0x00106d08      0x100 /opt/devkitpro/libctru/lib/libctru.a(font.o)
                0x00106d08                fontGlyphIndexFromCodePoint
 .text.fontCalcGlyphPos
                0x00106e08      0x1ec /opt/devkitpro/libctru/lib/libctru.a(font.o)
                0x00106e08                fontCalcGlyphPos
 .text.gfxPresentFramebuffer
                0x00106ff4       0xd0 /opt/devkitpro/libctru/lib/libctru.a(gfx.o)
 .text.gfxIsWide
                0x001070c4       0x1c /opt/devkitpro/libctru/lib/libctru.a(gfx.o)
                0x001070c4                gfxIsWide
 .text.gfxSetScreenFormat
                0x001070e0       0xec /opt/devkitpro/libctru/lib/libctru.a(gfx.o)
                0x001070e0                gfxSetScreenFormat
 .text.gfxInit  0x001071cc       0xd8 /opt/devkitpro/libctru/lib/libctru.a(gfx.o)
                0x001071cc                gfxInit
 .text.gfxInitDefault
                0x001072a4       0x10 /opt/devkitpro/libctru/lib/libctru.a(gfx.o)
                0x001072a4                gfxInitDefault
 .text.gfxExit  0x001072b4       0xb4 /opt/devkitpro/libctru/lib/libctru.a(gfx.o)
                0x001072b4                gfxExit
 .text.gfxGetFramebuffer
                0x00107368       0xa0 /opt/devkitpro/libctru/lib/libctru.a(gfx.o)
                0x00107368                gfxGetFramebuffer
 .text.gfxScreenSwapBuffers
                0x00107408       0x30 /opt/devkitpro/libctru/lib/libctru.a(gfx.o)
                0x00107408                gfxScreenSwapBuffers
 .text.osConvertVirtToPhys
                0x00107438       0x74 /opt/devkitpro/libctru/lib/libctru.a(os.o)
                0x00107438                osConvertVirtToPhys
 .text.osGetTimeRef
                0x001074ac       0x54 /opt/devkitpro/libctru/lib/libctru.a(os.o)
                0x001074ac                osGetTimeRef
 .text.osGetTime
                0x00107500       0xec /opt/devkitpro/libctru/lib/libctru.a(os.o)
                0x00107500                osGetTime
 .text.__ctru_speedup_config
                0x001075ec       0x34 /opt/devkitpro/libctru/lib/libctru.a(os.o)
                0x001075ec                __ctru_speedup_config
 .text.romfs_close
                0x00107620        0x8 /opt/devkitpro/libctru/lib/libctru.a(romfs_dev.o)
 .text.romfs_seek
                0x00107628       0xc4 /opt/devkitpro/libctru/lib/libctru.a(romfs_dev.o)
 .text.romfs_dirreset
                0x001076ec       0x24 /opt/devkitpro/libctru/lib/libctru.a(romfs_dev.o)
 .text.fill_dir
                0x00107710       0xc8 /opt/devkitpro/libctru/lib/libctru.a(romfs_dev.o)
 .text.romfs_dirnext
                0x001077d8      0x2a8 /opt/devkitpro/libctru/lib/libctru.a(romfs_dev.o)
 .text.romfs_free
                0x00107a80       0x74 /opt/devkitpro/libctru/lib/libctru.a(romfs_dev.o)
 .text.searchForFile.constprop.0
                0x00107af4       0xd4 /opt/devkitpro/libctru/lib/libctru.a(romfs_dev.o)
 .text.searchForDir.constprop.0
                0x00107bc8       0xd8 /opt/devkitpro/libctru/lib/libctru.a(romfs_dev.o)
 .text.navigateToDir.constprop.0
                0x00107ca0      0x1c0 /opt/devkitpro/libctru/lib/libctru.a(romfs_dev.o)
 .text.romfs_open
                0x00107e60      0x10c /opt/devkitpro/libctru/lib/libctru.a(romfs_dev.o)
 .text.romfs_chdir
                0x00107f6c       0x4c /opt/devkitpro/libctru/lib/libctru.a(romfs_dev.o)
 .text.romfs_diropen
                0x00107fb8       0x70 /opt/devkitpro/libctru/lib/libctru.a(romfs_dev.o)
 .text.romfs_stat
                0x00108028      0x174 /opt/devkitpro/libctru/lib/libctru.a(romfs_dev.o)
 .text.romfs_dirclose
                0x0010819c        0x8 /opt/devkitpro/libctru/lib/libctru.a(romfs_dev.o)
 *fill*         0x001081a4        0x4 
 .text.romfs_fstat
                0x001081a8       0x84 /opt/devkitpro/libctru/lib/libctru.a(romfs_dev.o)
 .text.romfs_read
                0x0010822c       0xd0 /opt/devkitpro/libctru/lib/libctru.a(romfs_dev.o)
 .text.romfsMountFromFile
                0x001082fc      0x28c /opt/devkitpro/libctru/lib/libctru.a(romfs_dev.o)
                0x001082fc                romfsMountFromFile
 .text.romfsMountFromCurrentProcess
                0x00108588       0x98 /opt/devkitpro/libctru/lib/libctru.a(romfs_dev.o)
                0x00108588                romfsMountFromCurrentProcess
 .text.romfsMountSelf
                0x00108620      0x260 /opt/devkitpro/libctru/lib/libctru.a(romfs_dev.o)
                0x00108620                romfsMountSelf
 .text.romfsUnmount
                0x00108880       0xa4 /opt/devkitpro/libctru/lib/libctru.a(romfs_dev.o)
                0x00108880                romfsUnmount
 .text.GPUCMD_Add
                0x00108924      0x13c /opt/devkitpro/libctru/lib/libctru.a(gpu.o)
                0x00108924                GPUCMD_Add
 .text.GPUCMD_Split
                0x00108a60       0xb0 /opt/devkitpro/libctru/lib/libctru.a(gpu.o)
                0x00108a60                GPUCMD_Split
 .text.f32tof16
                0x00108b10       0x34 /opt/devkitpro/libctru/lib/libctru.a(gpu.o)
                0x00108b10                f32tof16
 .text.f32tof24
                0x00108b44       0x34 /opt/devkitpro/libctru/lib/libctru.a(gpu.o)
                0x00108b44                f32tof24
 .text.f32tof31
                0x00108b78       0x38 /opt/devkitpro/libctru/lib/libctru.a(gpu.o)
                0x00108b78                f32tof31
 .text.GX_BindQueue
                0x00108bb0       0x10 /opt/devkitpro/libctru/lib/libctru.a(gx.o)
                0x00108bb0                GX_BindQueue
 .text.GX_ProcessCommandList
                0x00108bc0       0x78 /opt/devkitpro/libctru/lib/libctru.a(gx.o)
                0x00108bc0                GX_ProcessCommandList
 .text.GX_MemoryFill
                0x00108c38       0x74 /opt/devkitpro/libctru/lib/libctru.a(gx.o)
                0x00108c38                GX_MemoryFill
 .text.GX_DisplayTransfer
                0x00108cac       0x70 /opt/devkitpro/libctru/lib/libctru.a(gx.o)
                0x00108cac                GX_DisplayTransfer
 .text.gxCmdQueueDoCommands.part.0
                0x00108d1c       0x68 /opt/devkitpro/libctru/lib/libctru.a(gxqueue.o)
 .text.gxCmdQueueInterrupt
                0x00108d84       0xc8 /opt/devkitpro/libctru/lib/libctru.a(gxqueue.o)
                0x00108d84                gxCmdQueueInterrupt
 .text.gxCmdQueueClear
                0x00108e4c       0x4c /opt/devkitpro/libctru/lib/libctru.a(gxqueue.o)
                0x00108e4c                gxCmdQueueClear
 .text.gxCmdQueueAdd
                0x00108e98       0xf8 /opt/devkitpro/libctru/lib/libctru.a(gxqueue.o)
                0x00108e98                gxCmdQueueAdd
 .text.gxCmdQueueRun
                0x00108f90       0x80 /opt/devkitpro/libctru/lib/libctru.a(gxqueue.o)
                0x00108f90                gxCmdQueueRun
 .text.gxCmdQueueStop
                0x00109010       0x60 /opt/devkitpro/libctru/lib/libctru.a(gxqueue.o)
                0x00109010                gxCmdQueueStop
 .text.gxCmdQueueWait
                0x00109070       0x8c /opt/devkitpro/libctru/lib/libctru.a(gxqueue.o)
                0x00109070                gxCmdQueueWait
 .text.shaderInstanceInit
                0x001090fc      0x1d0 /opt/devkitpro/libctru/lib/libctru.a(shaderProgram.o)
                0x001090fc                shaderInstanceInit
 .text.shaderInstanceGetUniformLocation
                0x001092cc       0x18 /opt/devkitpro/libctru/lib/libctru.a(shaderProgram.o)
                0x001092cc                shaderInstanceGetUniformLocation
 .text.shaderProgramInit
                0x001092e4       0x1c /opt/devkitpro/libctru/lib/libctru.a(shaderProgram.o)
                0x001092e4                shaderProgramInit
 .text.shaderProgramFree
                0x00109300       0x64 /opt/devkitpro/libctru/lib/libctru.a(shaderProgram.o)
                0x00109300                shaderProgramFree
 .text.shaderProgramSetVsh
                0x00109364       0x80 /opt/devkitpro/libctru/lib/libctru.a(shaderProgram.o)
                0x00109364                shaderProgramSetVsh
 .text.shaderProgramConfigure
                0x001093e4      0x8d0 /opt/devkitpro/libctru/lib/libctru.a(shaderProgram.o)
                0x001093e4                shaderProgramConfigure
 .text.DVLE_GenerateOutmap.part.0
                0x00109cb4      0x1dc /opt/devkitpro/libctru/lib/libctru.a(shbin.o)
 .text.DVLB_ParseFile
                0x00109e90      0x1b0 /opt/devkitpro/libctru/lib/libctru.a(shbin.o)
                0x00109e90                DVLB_ParseFile
 .text.DVLB_Free
                0x0010a040       0x38 /opt/devkitpro/libctru/lib/libctru.a(shbin.o)
                0x0010a040                DVLB_Free
 .text.DVLE_GetUniformRegister
                0x0010a078       0x74 /opt/devkitpro/libctru/lib/libctru.a(shbin.o)
                0x0010a078                DVLE_GetUniformRegister
 .text.aptConvertScreenForCapture
                0x0010a0ec      0x1b0 /opt/devkitpro/libctru/lib/libctru.a(apt.o)
 .text.aptDspSleep
                0x0010a29c        0x8 /opt/devkitpro/libctru/lib/libctru.a(apt.o)
                0x0010a29c                aptDspSleep
 .text.aptDspWakeup
                0x0010a2a4        0x4 /opt/devkitpro/libctru/lib/libctru.a(apt.o)
                0x0010a2a4                aptDspWakeup
 .text.aptDspCancel
                0x0010a2a8        0x4 /opt/devkitpro/libctru/lib/libctru.a(apt.o)
                0x0010a2a8                aptDspCancel
 .text.aptSendCommand
                0x0010a2ac      0x158 /opt/devkitpro/libctru/lib/libctru.a(apt.o)
                0x0010a2ac                aptSendCommand
 *fill*         0x0010a404        0x4 
 .text.aptExitProcess
                0x0010a408       0x44 /opt/devkitpro/libctru/lib/libctru.a(apt.o)
 .text.aptExit  0x0010a44c      0x380 /opt/devkitpro/libctru/lib/libctru.a(apt.o)
                0x0010a44c                aptExit
 .text.aptHandleSleep
                0x0010a7cc       0xd8 /opt/devkitpro/libctru/lib/libctru.a(apt.o)
                0x0010a7cc                aptHandleSleep
 .text.aptHook  0x0010a8a4       0x30 /opt/devkitpro/libctru/lib/libctru.a(apt.o)
                0x0010a8a4                aptHook
 .text.aptUnhook
                0x0010a8d4       0x30 /opt/devkitpro/libctru/lib/libctru.a(apt.o)
                0x0010a8d4                aptUnhook
 .text.APT_SleepIfShellClosed
                0x0010a904       0x84 /opt/devkitpro/libctru/lib/libctru.a(apt.o)
                0x0010a904                APT_SleepIfShellClosed
 .text.aptSetSleepAllowed
                0x0010a988       0x78 /opt/devkitpro/libctru/lib/libctru.a(apt.o)
                0x0010a988                aptSetSleepAllowed
 .text.APT_UnlockTransition
                0x0010aa00       0x84 /opt/devkitpro/libctru/lib/libctru.a(apt.o)
                0x0010aa00                APT_UnlockTransition
 *fill*         0x0010aa84        0x4 
 .text.aptEventHandler
                0x0010aa88      0x478 /opt/devkitpro/libctru/lib/libctru.a(apt.o)
 .text.APT_ReceiveParameter
                0x0010af00       0xb0 /opt/devkitpro/libctru/lib/libctru.a(apt.o)
                0x0010af00                APT_ReceiveParameter
 .text.aptReceiveParameter.constprop.0
                0x0010afb0       0xac /opt/devkitpro/libctru/lib/libctru.a(apt.o)
 *fill*         0x0010b05c        0x4 
 .text.aptScreenTransfer
                0x0010b060      0x294 /opt/devkitpro/libctru/lib/libctru.a(apt.o)
 .text.aptWaitForWakeUp.isra.0
                0x0010b2f4      0x2c8 /opt/devkitpro/libctru/lib/libctru.a(apt.o)
 .text.aptJumpToHomeMenu
                0x0010b5bc       0xf4 /opt/devkitpro/libctru/lib/libctru.a(apt.o)
                0x0010b5bc                aptJumpToHomeMenu
 .text.aptMainLoop
                0x0010b6b0       0x48 /opt/devkitpro/libctru/lib/libctru.a(apt.o)
                0x0010b6b0                aptMainLoop
 .text.aptInit  0x0010b6f8      0x22c /opt/devkitpro/libctru/lib/libctru.a(apt.o)
                0x0010b6f8                aptInit
 .text.APT_CheckNew3DS
                0x0010b924       0x7c /opt/devkitpro/libctru/lib/libctru.a(apt.o)
                0x0010b924                APT_CheckNew3DS
 .text.APT_GetSharedFont
                0x0010b9a0       0x48 /opt/devkitpro/libctru/lib/libctru.a(apt.o)
                0x0010b9a0                APT_GetSharedFont
 .text.cfguInit
                0x0010b9e8       0xa4 /opt/devkitpro/libctru/lib/libctru.a(cfgu.o)
                0x0010b9e8                cfguInit
 .text.cfguExit
                0x0010ba8c       0x3c /opt/devkitpro/libctru/lib/libctru.a(cfgu.o)
                0x0010ba8c                cfguExit
 .text.fsInit   0x0010bac8       0xd0 /opt/devkitpro/libctru/lib/libctru.a(fs.o)
                0x0010bac8                fsInit
 .text.fsExit   0x0010bb98       0x3c /opt/devkitpro/libctru/lib/libctru.a(fs.o)
                0x0010bb98                fsExit
 .text.fsExemptFromSession
                0x0010bbd4       0x60 /opt/devkitpro/libctru/lib/libctru.a(fs.o)
                0x0010bbd4                fsExemptFromSession
 .text.fsUnexemptFromSession
                0x0010bc34       0x50 /opt/devkitpro/libctru/lib/libctru.a(fs.o)
                0x0010bc34                fsUnexemptFromSession
 .text.FSUSER_OpenFile
                0x0010bc84       0xcc /opt/devkitpro/libctru/lib/libctru.a(fs.o)
                0x0010bc84                FSUSER_OpenFile
 .text.FSUSER_OpenFileDirectly
                0x0010bd50       0xd4 /opt/devkitpro/libctru/lib/libctru.a(fs.o)
                0x0010bd50                FSUSER_OpenFileDirectly
 .text.FSUSER_DeleteFile
                0x0010be24       0xbc /opt/devkitpro/libctru/lib/libctru.a(fs.o)
                0x0010be24                FSUSER_DeleteFile
 .text.FSUSER_RenameFile
                0x0010bee0       0xf8 /opt/devkitpro/libctru/lib/libctru.a(fs.o)
                0x0010bee0                FSUSER_RenameFile
 .text.FSUSER_DeleteDirectory
                0x0010bfd8       0xbc /opt/devkitpro/libctru/lib/libctru.a(fs.o)
                0x0010bfd8                FSUSER_DeleteDirectory
 .text.FSUSER_CreateFile
                0x0010c094       0xd4 /opt/devkitpro/libctru/lib/libctru.a(fs.o)
                0x0010c094                FSUSER_CreateFile
 .text.FSUSER_CreateDirectory
                0x0010c168       0xc4 /opt/devkitpro/libctru/lib/libctru.a(fs.o)
                0x0010c168                FSUSER_CreateDirectory
 .text.FSUSER_RenameDirectory
                0x0010c22c       0xf8 /opt/devkitpro/libctru/lib/libctru.a(fs.o)
                0x0010c22c                FSUSER_RenameDirectory
 .text.FSUSER_OpenDirectory
                0x0010c324       0xb4 /opt/devkitpro/libctru/lib/libctru.a(fs.o)
                0x0010c324                FSUSER_OpenDirectory
 .text.FSUSER_OpenArchive
                0x0010c3d8       0x94 /opt/devkitpro/libctru/lib/libctru.a(fs.o)
                0x0010c3d8                FSUSER_OpenArchive
 .text.FSUSER_CloseArchive
                0x0010c46c       0x8c /opt/devkitpro/libctru/lib/libctru.a(fs.o)
                0x0010c46c                FSUSER_CloseArchive
 .text.FSUSER_GetSdmcArchiveResource
                0x0010c4f8       0x74 /opt/devkitpro/libctru/lib/libctru.a(fs.o)
                0x0010c4f8                FSUSER_GetSdmcArchiveResource
 .text.FSUSER_IsSdmcWritable
                0x0010c56c       0x64 /opt/devkitpro/libctru/lib/libctru.a(fs.o)
                0x0010c56c                FSUSER_IsSdmcWritable
 .text.FSFILE_Read
                0x0010c5d0       0x58 /opt/devkitpro/libctru/lib/libctru.a(fs.o)
                0x0010c5d0                FSFILE_Read
 .text.FSFILE_Write
                0x0010c628       0x60 /opt/devkitpro/libctru/lib/libctru.a(fs.o)
                0x0010c628                FSFILE_Write
 .text.FSFILE_GetSize
                0x0010c688       0x38 /opt/devkitpro/libctru/lib/libctru.a(fs.o)
                0x0010c688                FSFILE_GetSize
 .text.FSFILE_SetSize
                0x0010c6c0       0x28 /opt/devkitpro/libctru/lib/libctru.a(fs.o)
                0x0010c6c0                FSFILE_SetSize
 .text.FSFILE_Close
                0x0010c6e8       0x3c /opt/devkitpro/libctru/lib/libctru.a(fs.o)
                0x0010c6e8                FSFILE_Close
 .text.FSFILE_Flush
                0x0010c724       0x24 /opt/devkitpro/libctru/lib/libctru.a(fs.o)
                0x0010c724                FSFILE_Flush
 .text.FSDIR_Read
                0x0010c748       0x50 /opt/devkitpro/libctru/lib/libctru.a(fs.o)
                0x0010c748                FSDIR_Read
 .text.FSDIR_Close
                0x0010c798       0x3c /opt/devkitpro/libctru/lib/libctru.a(fs.o)
                0x0010c798                FSDIR_Close
 .text.gspHardwareInit
                0x0010c7d4      0xc70 /opt/devkitpro/libctru/lib/libctru.a(gspgpu.o)
 .text.gspInit  0x0010d444      0x248 /opt/devkitpro/libctru/lib/libctru.a(gspgpu.o)
                0x0010d444                gspInit
 .text.gspExit  0x0010d68c       0xe4 /opt/devkitpro/libctru/lib/libctru.a(gspgpu.o)
                0x0010d68c                gspExit
 .text.gspHasGpuRight
                0x0010d770       0x10 /opt/devkitpro/libctru/lib/libctru.a(gspgpu.o)
                0x0010d770                gspHasGpuRight
 .text.gspPresentBuffer
                0x0010d780       0xa0 /opt/devkitpro/libctru/lib/libctru.a(gspgpu.o)
                0x0010d780                gspPresentBuffer
 .text.gspSetEventCallback
                0x0010d820       0x30 /opt/devkitpro/libctru/lib/libctru.a(gspgpu.o)
                0x0010d820                gspSetEventCallback
 .text.gspWaitForEvent
                0x0010d850       0x44 /opt/devkitpro/libctru/lib/libctru.a(gspgpu.o)
                0x0010d850                gspWaitForEvent
 .text.gspWaitForAnyEvent
                0x0010d894       0x4c /opt/devkitpro/libctru/lib/libctru.a(gspgpu.o)
                0x0010d894                gspWaitForAnyEvent
 .text.gspEventThreadMain
                0x0010d8e0      0x160 /opt/devkitpro/libctru/lib/libctru.a(gspgpu.o)
 .text.gspSubmitGxCommand
                0x0010da40      0x130 /opt/devkitpro/libctru/lib/libctru.a(gspgpu.o)
                0x0010da40                gspSubmitGxCommand
 .text.GSPGPU_FlushDataCache
                0x0010db70       0x50 /opt/devkitpro/libctru/lib/libctru.a(gspgpu.o)
                0x0010db70                GSPGPU_FlushDataCache
 .text.GSPGPU_SetLcdForceBlack
                0x0010dbc0       0x34 /opt/devkitpro/libctru/lib/libctru.a(gspgpu.o)
                0x0010dbc0                GSPGPU_SetLcdForceBlack
 .text.GSPGPU_AcquireRight
                0x0010dbf4       0x68 /opt/devkitpro/libctru/lib/libctru.a(gspgpu.o)
                0x0010dbf4                GSPGPU_AcquireRight
 .text.GSPGPU_ReleaseRight
                0x0010dc5c       0x48 /opt/devkitpro/libctru/lib/libctru.a(gspgpu.o)
                0x0010dc5c                GSPGPU_ReleaseRight
 .text.GSPGPU_ImportDisplayCaptureInfo
                0x0010dca4       0x7c /opt/devkitpro/libctru/lib/libctru.a(gspgpu.o)
                0x0010dca4                GSPGPU_ImportDisplayCaptureInfo
 .text.GSPGPU_SaveVramSysArea
                0x0010dd20       0x2c /opt/devkitpro/libctru/lib/libctru.a(gspgpu.o)
                0x0010dd20                GSPGPU_SaveVramSysArea
 .text.GSPGPU_RestoreVramSysArea
                0x0010dd4c       0x2c /opt/devkitpro/libctru/lib/libctru.a(gspgpu.o)
                0x0010dd4c                GSPGPU_RestoreVramSysArea
 .text.hidShouldUseIrrst
                0x0010dd78       0x24 /opt/devkitpro/libctru/lib/libctru.a(hid.o)
                0x0010dd78                hidShouldUseIrrst
 .text.hidInit  0x0010dd9c      0x18c /opt/devkitpro/libctru/lib/libctru.a(hid.o)
                0x0010dd9c                hidInit
 .text.hidExit  0x0010df28       0xe8 /opt/devkitpro/libctru/lib/libctru.a(hid.o)
                0x0010df28                hidExit
 .text.hidScanInput
                0x0010e010      0x2a4 /opt/devkitpro/libctru/lib/libctru.a(hid.o)
                0x0010e010                hidScanInput
 .text.hidKeysDown
                0x0010e2b4       0x10 /opt/devkitpro/libctru/lib/libctru.a(hid.o)
                0x0010e2b4                hidKeysDown
 .text.irrstInit
                0x0010e2c4      0x160 /opt/devkitpro/libctru/lib/libctru.a(irrst.o)
                0x0010e2c4                irrstInit
 .text.irrstExit
                0x0010e424       0xcc /opt/devkitpro/libctru/lib/libctru.a(irrst.o)
                0x0010e424                irrstExit
 .text.irrstScanInput
                0x0010e4f0       0xb4 /opt/devkitpro/libctru/lib/libctru.a(irrst.o)
                0x0010e4f0                irrstScanInput
 .text.irrstKeysHeld
                0x0010e5a4       0x24 /opt/devkitpro/libctru/lib/libctru.a(irrst.o)
                0x0010e5a4                irrstKeysHeld
 .text.ptmSysmInit
                0x0010e5c8       0x74 /opt/devkitpro/libctru/lib/libctru.a(ptmsysm.o)
                0x0010e5c8                ptmSysmInit
 .text.ptmSysmExit
                0x0010e63c       0x3c /opt/devkitpro/libctru/lib/libctru.a(ptmsysm.o)
                0x0010e63c                ptmSysmExit
 .text.PTMSYSM_ConfigureNew3DSCPU
                0x0010e678       0x34 /opt/devkitpro/libctru/lib/libctru.a(ptmsysm.o)
                0x0010e678                PTMSYSM_ConfigureNew3DSCPU
 .text.qtmcInit
                0x0010e6ac       0x74 /opt/devkitpro/libctru/lib/libctru.a(qtmc.o)
                0x0010e6ac                qtmcInit
 .text.qtmcExit
                0x0010e720       0x3c /opt/devkitpro/libctru/lib/libctru.a(qtmc.o)
                0x0010e720                qtmcExit
 .text.rbtree_find
                0x0010e75c       0x74 /opt/devkitpro/libctru/lib/libctru.a(rbtree_find.o)
                0x0010e75c                rbtree_find
 .text.rbtree_init
                0x0010e7d0       0x10 /opt/devkitpro/libctru/lib/libctru.a(rbtree_init.o)
                0x0010e7d0                rbtree_init
 .text.do_insert
                0x0010e7e0      0x19c /opt/devkitpro/libctru/lib/libctru.a(rbtree_insert.o)
 .text.rbtree_insert
                0x0010e97c        0x8 /opt/devkitpro/libctru/lib/libctru.a(rbtree_insert.o)
                0x0010e97c                rbtree_insert
 .text.rbtree_remove
                0x0010e984      0x310 /opt/devkitpro/libctru/lib/libctru.a(rbtree_remove.o)
                0x0010e984                rbtree_remove
 .text.rbtree_rotate
                0x0010ec94       0x90 /opt/devkitpro/libctru/lib/libctru.a(rbtree_rotate.o)
                0x0010ec94                rbtree_rotate
 .text.decode_utf8
                0x0010ed24      0x13c /opt/devkitpro/libctru/lib/libctru.a(decode_utf8.o)
                0x0010ed24                decode_utf8
 .text.utf16_to_utf8
                0x0010ee60       0xe8 /opt/devkitpro/libctru/lib/libctru.a(utf16_to_utf8.o)
                0x0010ee60                utf16_to_utf8
 .text.utf8_to_utf16
                0x0010ef48       0xc0 /opt/devkitpro/libctru/lib/libctru.a(utf8_to_utf16.o)
                0x0010ef48                utf8_to_utf16
 .text.__system_allocateHeaps
                0x0010f008      0x1e0 /opt/devkitpro/libctru/lib/libctru.a(allocateHeaps.o)
                0x0010f008                __system_allocateHeaps
 .text.__libctru_init
                0x0010f1e8       0x38 /opt/devkitpro/libctru/lib/libctru.a(ctru_init.o)
                0x0010f1e8                __libctru_init
 .text.__system_initArgv
                0x0010f220      0x160 /opt/devkitpro/libctru/lib/libctru.a(initArgv.o)
                0x0010f220                __system_initArgv
 .text.__syscall_getreent
                0x0010f380       0x30 /opt/devkitpro/libctru/lib/libctru.a(syscalls.o)
                0x0010f380                __syscall_getreent
 .text.__syscall_gettod_r
                0x0010f3b0       0x64 /opt/devkitpro/libctru/lib/libctru.a(syscalls.o)
                0x0010f3b0                __syscall_gettod_r
 .text.__syscall_lock_acquire
                0x0010f414        0x4 /opt/devkitpro/libctru/lib/libctru.a(syscalls.o)
                0x0010f414                __syscall_lock_acquire
 .text.__syscall_lock_release
                0x0010f418        0x4 /opt/devkitpro/libctru/lib/libctru.a(syscalls.o)
                0x0010f418                __syscall_lock_release
 .text.__syscall_lock_acquire_recursive
                0x0010f41c        0x4 /opt/devkitpro/libctru/lib/libctru.a(syscalls.o)
                0x0010f41c                __syscall_lock_acquire_recursive
 .text.__syscall_lock_release_recursive
                0x0010f420        0x4 /opt/devkitpro/libctru/lib/libctru.a(syscalls.o)
                0x0010f420                __syscall_lock_release_recursive
 .text.__syscall_exit
                0x0010f424        0x4 /opt/devkitpro/libctru/lib/libctru.a(syscalls.o)
                0x0010f424                __syscall_exit
 .text.initThreadVars
                0x0010f428       0x50 /opt/devkitpro/libctru/lib/libctru.a(syscalls.o)
                0x0010f428                initThreadVars
 .text.__system_initSyscalls
                0x0010f478       0x80 /opt/devkitpro/libctru/lib/libctru.a(syscalls.o)
                0x0010f478                __system_initSyscalls
 .text.svcControlMemory
                0x0010f4f8       0x20 /opt/devkitpro/libctru/lib/libctru.a(svc.o)
                0x0010f4f8                svcControlMemory
 .text.svcQueryMemory
                0x0010f518       0x30 /opt/devkitpro/libctru/lib/libctru.a(svc.o)
                0x0010f518                svcQueryMemory
 .text.svcExitProcess
                0x0010f548        0x8 /opt/devkitpro/libctru/lib/libctru.a(svc.o)
                0x0010f548                svcExitProcess
 .text.svcCreateThread
                0x0010f550       0x20 /opt/devkitpro/libctru/lib/libctru.a(svc.o)
                0x0010f550                svcCreateThread
 .text.svcExitThread
                0x0010f570        0x8 /opt/devkitpro/libctru/lib/libctru.a(svc.o)
                0x0010f570                svcExitThread
 .text.svcSleepThread
                0x0010f578        0x8 /opt/devkitpro/libctru/lib/libctru.a(svc.o)
                0x0010f578                svcSleepThread
 .text.svcReleaseMutex
                0x0010f580        0x8 /opt/devkitpro/libctru/lib/libctru.a(svc.o)
                0x0010f580                svcReleaseMutex
 .text.svcCreateEvent
                0x0010f588       0x14 /opt/devkitpro/libctru/lib/libctru.a(svc.o)
                0x0010f588                svcCreateEvent
 .text.svcSignalEvent
                0x0010f59c        0x8 /opt/devkitpro/libctru/lib/libctru.a(svc.o)
                0x0010f59c                svcSignalEvent
 .text.svcClearEvent
                0x0010f5a4        0x8 /opt/devkitpro/libctru/lib/libctru.a(svc.o)
                0x0010f5a4                svcClearEvent
 .text.svcMapMemoryBlock
                0x0010f5ac        0x8 /opt/devkitpro/libctru/lib/libctru.a(svc.o)
                0x0010f5ac                svcMapMemoryBlock
 .text.svcUnmapMemoryBlock
                0x0010f5b4        0x8 /opt/devkitpro/libctru/lib/libctru.a(svc.o)
                0x0010f5b4                svcUnmapMemoryBlock
 .text.svcCreateAddressArbiter
                0x0010f5bc       0x14 /opt/devkitpro/libctru/lib/libctru.a(svc.o)
                0x0010f5bc                svcCreateAddressArbiter
 .text.svcArbitrateAddressNoTimeout
                0x0010f5d0        0x8 /opt/devkitpro/libctru/lib/libctru.a(svc.o)
                0x0010f5d0                svcArbitrateAddressNoTimeout
 .text.svcCloseHandle
                0x0010f5d8        0x8 /opt/devkitpro/libctru/lib/libctru.a(svc.o)
                0x0010f5d8                svcCloseHandle
 .text.svcWaitSynchronization
                0x0010f5e0        0x8 /opt/devkitpro/libctru/lib/libctru.a(svc.o)
                0x0010f5e0                svcWaitSynchronization
 .text.svcWaitSynchronizationN
                0x0010f5e8       0x28 /opt/devkitpro/libctru/lib/libctru.a(svc.o)
                0x0010f5e8                svcWaitSynchronizationN
 .text.svcDuplicateHandle
                0x0010f610       0x14 /opt/devkitpro/libctru/lib/libctru.a(svc.o)
                0x0010f610                svcDuplicateHandle
 .text.svcGetSystemTick
                0x0010f624        0x8 /opt/devkitpro/libctru/lib/libctru.a(svc.o)
                0x0010f624                svcGetSystemTick
 .text.svcConnectToPort
                0x0010f62c       0x14 /opt/devkitpro/libctru/lib/libctru.a(svc.o)
                0x0010f62c                svcConnectToPort
 .text.svcSendSyncRequest
                0x0010f640        0x8 /opt/devkitpro/libctru/lib/libctru.a(svc.o)
                0x0010f640                svcSendSyncRequest
 .text.svcGetResourceLimit
                0x0010f648       0x14 /opt/devkitpro/libctru/lib/libctru.a(svc.o)
                0x0010f648                svcGetResourceLimit
 .text.svcGetResourceLimitLimitValues
                0x0010f65c        0x8 /opt/devkitpro/libctru/lib/libctru.a(svc.o)
                0x0010f65c                svcGetResourceLimitLimitValues
 .text.svcGetResourceLimitCurrentValues
                0x0010f664        0x8 /opt/devkitpro/libctru/lib/libctru.a(svc.o)
                0x0010f664                svcGetResourceLimitCurrentValues
 .text.svcBreak
                0x0010f66c        0x8 /opt/devkitpro/libctru/lib/libctru.a(svc.o)
                0x0010f66c                svcBreak
 .text.__aeabi_read_tp
                0x0010f674        0xc /opt/devkitpro/libctru/lib/libctru.a(readtp.o)
                0x0010f674                __aeabi_read_tp
 .text.initSystem
                0x0010f680       0x50 /opt/devkitpro/libctru/lib/libctru.a(stack_adjust.o)
                0x0010f680                initSystem
 .text.__ctru_exit
                0x0010f6d0       0x14 /opt/devkitpro/libctru/lib/libctru.a(stack_adjust.o)
                0x0010f6d0                __ctru_exit
 .text.envGetHandle
                0x0010f6e4       0x84 /opt/devkitpro/libctru/lib/libctru.a(env.o)
                0x0010f6e4                envGetHandle
 .text.envDestroyHandles
                0x0010f768       0x50 /opt/devkitpro/libctru/lib/libctru.a(env.o)
                0x0010f768                envDestroyHandles
 .text.srvInit  0x0010f7b8      0x12c /opt/devkitpro/libctru/lib/libctru.a(srv.o)
                0x0010f7b8                srvInit
 .text.srvExit  0x0010f8e4       0x58 /opt/devkitpro/libctru/lib/libctru.a(srv.o)
                0x0010f8e4                srvExit
 .text.srvEnableNotification
                0x0010f93c       0x60 /opt/devkitpro/libctru/lib/libctru.a(srv.o)
                0x0010f93c                srvEnableNotification
 .text.srvGetServiceHandleDirect
                0x0010f99c       0xa0 /opt/devkitpro/libctru/lib/libctru.a(srv.o)
                0x0010f99c                srvGetServiceHandleDirect
 .text.srvGetServiceHandle
                0x0010fa3c       0x38 /opt/devkitpro/libctru/lib/libctru.a(srv.o)
                0x0010fa3c                srvGetServiceHandle
 .text.srvSubscribe
                0x0010fa74       0x34 /opt/devkitpro/libctru/lib/libctru.a(srv.o)
                0x0010fa74                srvSubscribe
 .text.srvReceiveNotification
                0x0010faa8       0x60 /opt/devkitpro/libctru/lib/libctru.a(srv.o)
                0x0010faa8                srvReceiveNotification
 .text.srvPublishToSubscriber
                0x0010fb08       0x38 /opt/devkitpro/libctru/lib/libctru.a(srv.o)
                0x0010fb08                srvPublishToSubscriber
 .text.__sync_init
                0x0010fb40        0xc /opt/devkitpro/libctru/lib/libctru.a(synchronization.o)
                0x0010fb40                __sync_init
 .text.__sync_fini
                0x0010fb4c       0x18 /opt/devkitpro/libctru/lib/libctru.a(synchronization.o)
                0x0010fb4c                __sync_fini
 .text.syncArbitrateAddress
                0x0010fb64       0x2c /opt/devkitpro/libctru/lib/libctru.a(synchronization.o)
                0x0010fb64                syncArbitrateAddress
 .text.LightLock_Lock
                0x0010fb90       0xb0 /opt/devkitpro/libctru/lib/libctru.a(synchronization.o)
                0x0010fb90                LightLock_Lock
 .text.LightLock_Unlock
                0x0010fc40       0x40 /opt/devkitpro/libctru/lib/libctru.a(synchronization.o)
                0x0010fc40                LightLock_Unlock
 .text.RecursiveLock_Lock
                0x0010fc80       0x30 /opt/devkitpro/libctru/lib/libctru.a(synchronization.o)
                0x0010fc80                RecursiveLock_Lock
 .text.RecursiveLock_Unlock
                0x0010fcb0       0x54 /opt/devkitpro/libctru/lib/libctru.a(synchronization.o)
                0x0010fcb0                RecursiveLock_Unlock
 .text.LightEvent_Init
                0x0010fd04       0x40 /opt/devkitpro/libctru/lib/libctru.a(synchronization.o)
                0x0010fd04                LightEvent_Init
 .text.LightEvent_Clear
                0x0010fd44       0xa4 /opt/devkitpro/libctru/lib/libctru.a(synchronization.o)
                0x0010fd44                LightEvent_Clear
 .text.LightEvent_Signal
                0x0010fde8       0xc8 /opt/devkitpro/libctru/lib/libctru.a(synchronization.o)
                0x0010fde8                LightEvent_Signal
 .text.LightEvent_TryWait
                0x0010feb0       0x50 /opt/devkitpro/libctru/lib/libctru.a(synchronization.o)
                0x0010feb0                LightEvent_TryWait
 .text.LightEvent_Wait
                0x0010ff00       0xa0 /opt/devkitpro/libctru/lib/libctru.a(synchronization.o)
                0x0010ff00                LightEvent_Wait
 .text.threadCreate
                0x0010ffa0      0x1d4 /opt/devkitpro/libctru/lib/libctru.a(thread.o)
                0x0010ffa0                threadCreate
 .text.threadFree
                0x00110174       0x2c /opt/devkitpro/libctru/lib/libctru.a(thread.o)
                0x00110174                threadFree
 .text.threadJoin
                0x001101a0       0x24 /opt/devkitpro/libctru/lib/libctru.a(thread.o)
                0x001101a0                threadJoin
 .text.threadGetCurrent
                0x001101c4       0x30 /opt/devkitpro/libctru/lib/libctru.a(thread.o)
                0x001101c4                threadGetCurrent
 .text.threadExit
                0x001101f4       0x40 /opt/devkitpro/libctru/lib/libctru.a(thread.o)
                0x001101f4                threadExit
 .text._thread_begin
                0x00110234       0x20 /opt/devkitpro/libctru/lib/libctru.a(thread.o)
 .text.mappableFindAddressWithin
                0x00110254       0x90 /opt/devkitpro/libctru/lib/libctru.a(mappable.o)
 .text.mappableInit
                0x001102e4       0x28 /opt/devkitpro/libctru/lib/libctru.a(mappable.o)
                0x001102e4                mappableInit
 .text.mappableAlloc
                0x0011030c       0x80 /opt/devkitpro/libctru/lib/libctru.a(mappable.o)
                0x0011030c                mappableAlloc
 .text.mappableFree
                0x0011038c        0x4 /opt/devkitpro/libctru/lib/libctru.a(mappable.o)
                0x0011038c                mappableFree
 .text.srvPmGetSessionHandle
                0x00110390        0xc /opt/devkitpro/libctru/lib/libctru.a(srvpm.o)
                0x00110390                srvPmGetSessionHandle
 .text.rbtree_node_next
                0x0011039c       0x5c /opt/devkitpro/libctru/lib/libctru.a(rbtree_iterator.o)
                0x0011039c                rbtree_node_next
 .text.decode_utf16
                0x001103f8       0x64 /opt/devkitpro/libctru/lib/libctru.a(decode_utf16.o)
                0x001103f8                decode_utf16
 .text.encode_utf16
                0x0011045c       0x54 /opt/devkitpro/libctru/lib/libctru.a(encode_utf16.o)
                0x0011045c                encode_utf16
 .text.encode_utf8
                0x001104b0       0xe0 /opt/devkitpro/libctru/lib/libctru.a(encode_utf8.o)
                0x001104b0                encode_utf8
 .text.__appExit
                0x00110590       0x30 /opt/devkitpro/libctru/lib/libctru.a(appExit.o)
                0x00110590                __appExit
 .text.__appInit
                0x001105c0       0x30 /opt/devkitpro/libctru/lib/libctru.a(appInit.o)
                0x001105c0                __appInit
 .text.__libctru_exit
                0x001105f0       0x90 /opt/devkitpro/libctru/lib/libctru.a(ctru_exit.o)
                0x001105f0                __libctru_exit
 .text.archive_link
                0x00110680       0x14 /opt/devkitpro/libctru/lib/libctru.a(archive_dev.o)
 .text.archive_dirreset
                0x00110694       0x14 /opt/devkitpro/libctru/lib/libctru.a(archive_dev.o)
 .text.archive_chmod
                0x001106a8       0x14 /opt/devkitpro/libctru/lib/libctru.a(archive_dev.o)
 .text.error_cmp
                0x001106bc       0x24 /opt/devkitpro/libctru/lib/libctru.a(archive_dev.o)
 .text.archive_translate_error
                0x001106e0       0x50 /opt/devkitpro/libctru/lib/libctru.a(archive_dev.o)
 .text.archive_seek
                0x00110730       0xc4 /opt/devkitpro/libctru/lib/libctru.a(archive_dev.o)
 .text._archiveInit.part.0
                0x001107f4       0x78 /opt/devkitpro/libctru/lib/libctru.a(archive_dev.o)
 .text.archiveFindDevice.part.0
                0x0011086c       0xc4 /opt/devkitpro/libctru/lib/libctru.a(archive_dev.o)
 .text.archive_utf16path
                0x00110930      0x290 /opt/devkitpro/libctru/lib/libctru.a(archive_dev.o)
 .text._archiveUnmountDeviceStruct.part.0
                0x00110bc0       0x9c /opt/devkitpro/libctru/lib/libctru.a(archive_dev.o)
 .text.archive_statvfs
                0x00110c5c       0x14 /opt/devkitpro/libctru/lib/libctru.a(archive_dev.o)
 .text.archive_fchmod
                0x00110c70       0x14 /opt/devkitpro/libctru/lib/libctru.a(archive_dev.o)
 .text._archiveMountDevice
                0x00110c84      0x168 /opt/devkitpro/libctru/lib/libctru.a(archive_dev.o)
 .text.archive_diropen
                0x00110dec       0xe8 /opt/devkitpro/libctru/lib/libctru.a(archive_dev.o)
 .text.archive_fstat
                0x00110ed4       0xa4 /opt/devkitpro/libctru/lib/libctru.a(archive_dev.o)
 .text.archive_fsync
                0x00110f78       0x6c /opt/devkitpro/libctru/lib/libctru.a(archive_dev.o)
 .text.archive_close
                0x00110fe4       0x6c /opt/devkitpro/libctru/lib/libctru.a(archive_dev.o)
 .text.archive_dirclose
                0x00111050       0x70 /opt/devkitpro/libctru/lib/libctru.a(archive_dev.o)
 .text.sdmc_statvfs
                0x001110c0       0xe4 /opt/devkitpro/libctru/lib/libctru.a(archive_dev.o)
 .text.archive_chdir
                0x001111a4       0xec /opt/devkitpro/libctru/lib/libctru.a(archive_dev.o)
 .text.archive_ftruncate
                0x00111290       0x7c /opt/devkitpro/libctru/lib/libctru.a(archive_dev.o)
 .text.archive_read
                0x0011130c       0xac /opt/devkitpro/libctru/lib/libctru.a(archive_dev.o)
 .text.archive_unlink
                0x001113b8       0xa4 /opt/devkitpro/libctru/lib/libctru.a(archive_dev.o)
 .text.archive_rmdir
                0x0011145c       0xbc /opt/devkitpro/libctru/lib/libctru.a(archive_dev.o)
 .text.archive_mkdir
                0x00111518       0xdc /opt/devkitpro/libctru/lib/libctru.a(archive_dev.o)
 .text.archive_stat
                0x001115f4      0x194 /opt/devkitpro/libctru/lib/libctru.a(archive_dev.o)
 .text.archive_dirnext
                0x00111788      0x15c /opt/devkitpro/libctru/lib/libctru.a(archive_dev.o)
 .text.archive_write
                0x001118e4      0x124 /opt/devkitpro/libctru/lib/libctru.a(archive_dev.o)
 .text.archive_open
                0x00111a08      0x210 /opt/devkitpro/libctru/lib/libctru.a(archive_dev.o)
 .text.archive_rename
                0x00111c18      0x268 /opt/devkitpro/libctru/lib/libctru.a(archive_dev.o)
 .text.archiveMountSdmc
                0x00111e80      0x19c /opt/devkitpro/libctru/lib/libctru.a(archive_dev.o)
                0x00111e80                archiveMountSdmc
 .text.archiveUnmountAll
                0x0011201c       0x54 /opt/devkitpro/libctru/lib/libctru.a(archive_dev.o)
                0x0011201c                archiveUnmountAll
 .text.fmaxf    0x00112070       0x54 /opt/devkitpro/devkitARM/bin/../lib/gcc/arm-none-eabi/14.2.0/../../../../arm-none-eabi/lib/armv6k/fpu/libm.a(libm_a-sf_fmax.o)
                0x00112070                fmaxf
 .text.ceilf    0x001120c4       0xc0 /opt/devkitpro/devkitARM/bin/../lib/gcc/arm-none-eabi/14.2.0/../../../../arm-none-eabi/lib/armv6k/fpu/libm.a(libm_a-sf_ceil.o)
                0x001120c4                ceilf
 .text.floorf   0x00112184       0xc0 /opt/devkitpro/devkitARM/bin/../lib/gcc/arm-none-eabi/14.2.0/../../../../arm-none-eabi/lib/armv6k/fpu/libm.a(libm_a-sf_floor.o)
                0x00112184                floorf
 .text.__fpclassifyf
                0x00112244       0x5c /opt/devkitpro/devkitARM/bin/../lib/gcc/arm-none-eabi/14.2.0/../../../../arm-none-eabi/lib/armv6k/fpu/libm.a(libm_a-sf_fpclassify.o)
                0x00112244                __fpclassifyf
 .text.__udivmoddi4
                0x001122a0      0x120 /opt/devkitpro/devkitARM/bin/../lib/gcc/arm-none-eabi/14.2.0/armv6k/fpu/libgcc.a(_udivmoddi4.o)
                0x001122a0                __udivmoddi4
 .text.strncmp  0x001123c0       0xd8 /opt/devkitpro/devkitARM/bin/../lib/gcc/arm-none-eabi/14.2.0/../../../../arm-none-eabi/lib/armv6k/fpu/libg.a(libc_a-strncmp.o)
                0x001123c0                strncmp
 .text.strchr   0x00112498      0x130 /opt/devkitpro/devkitARM/bin/../lib/gcc/arm-none-eabi/14.2.0/../../../../arm-none-eabi/lib/armv6k/fpu/libg.a(libc_a-strchr.o)
                0x00112498                strchr
 .text.strlen   0x001125c8       0x5c /opt/devkitpro/devkitARM/bin/../lib/gcc/arm-none-eabi/14.2.0/../../../../arm-none-eabi/lib/armv6k/fpu/libg.a(libc_a-strlen-stub.o)
                0x001125c8                strlen
 .text.memcmp   0x00112624       0xd4 /opt/devkitpro/devkitARM/bin/../lib/gcc/arm-none-eabi/14.2.0/../../../../arm-none-eabi/lib/armv6k/fpu/libg.a(libc_a-memcmp.o)
                0x00112624                memcmp
 .text._strtoul_l.isra.0
                0x001126f8      0x1e4 /opt/devkitpro/devkitARM/bin/../lib/gcc/arm-none-eabi/14.2.0/../../../../arm-none-eabi/lib/armv6k/fpu/libg.a(libc_a-strtoul.o)
 .text.strtoul  0x001128dc       0x34 /opt/devkitpro/devkitARM/bin/../lib/gcc/arm-none-eabi/14.2.0/../../../../arm-none-eabi/lib/armv6k/fpu/libg.a(libc_a-strtoul.o)
                0x001128dc                strtoul
 .text.strncat  0x00112910       0xe4 /opt/devkitpro/devkitARM/bin/../lib/gcc/arm-none-eabi/14.2.0/../../../../arm-none-eabi/lib/armv6k/fpu/libg.a(libc_a-strncat.o)
                0x00112910                strncat
 .text.bsearch  0x001129f4       0x78 /opt/devkitpro/devkitARM/bin/../lib/gcc/arm-none-eabi/14.2.0/../../../../arm-none-eabi/lib/armv6k/fpu/libg.a(libc_a-bsearch.o)
                0x001129f4                bsearch
 .text.calloc   0x00112a6c       0x20 /opt/devkitpro/devkitARM/bin/../lib/gcc/arm-none-eabi/14.2.0/../../../../arm-none-eabi/lib/armv6k/fpu/libg.a(libc_a-calloc.o)
                0x00112a6c                calloc
 .text.strrchr  0x00112a8c       0x48 /opt/devkitpro/devkitARM/bin/../lib/gcc/arm-none-eabi/14.2.0/../../../../arm-none-eabi/lib/armv6k/fpu/libg.a(libc_a-strrchr.o)
                0x00112a8c                strrchr
 .text.qsort    0x00112ad4      0x96c /opt/devkitpro/devkitARM/bin/../lib/gcc/arm-none-eabi/14.2.0/../../../../arm-none-eabi/lib/armv6k/fpu/libg.a(libc_a-qsort.o)
                0x00112ad4                qsort
 .text._fclose_r
                0x00113440      0x148 /opt/devkitpro/devkitARM/bin/../lib/gcc/arm-none-eabi/14.2.0/../../../../arm-none-eabi/lib/armv6k/fpu/libg.a(libc_a-fclose.o)
                0x00113440                _fclose_r
 .text._calloc_r
                0x00113588       0xc0 /opt/devkitpro/devkitARM/bin/../lib/gcc/arm-none-eabi/14.2.0/../../../../arm-none-eabi/lib/armv6k/fpu/libg.a(libc_a-callocr.o)
                0x00113588                _calloc_r
 .text.__smakebuf_r
                0x00113648      0x144 /opt/devkitpro/devkitARM/bin/../lib/gcc/arm-none-eabi/14.2.0/../../../../arm-none-eabi/lib/armv6k/fpu/libg.a(libc_a-makebuf.o)
                0x00113648                __smakebuf_r
 .text.strdup   0x0011378c       0x18 /opt/devkitpro/devkitARM/bin/../lib/gcc/arm-none-eabi/14.2.0/../../../../arm-none-eabi/lib/armv6k/fpu/libg.a(libc_a-strdup.o)
                0x0011378c                strdup
 .text.memalign
                0x001137a4       0x20 /opt/devkitpro/devkitARM/bin/../lib/gcc/arm-none-eabi/14.2.0/../../../../arm-none-eabi/lib/armv6k/fpu/libg.a(libc_a-malign.o)
                0x001137a4                memalign
 .text.stdio_exit_handler
                0x001137c4       0x1c /opt/devkitpro/devkitARM/bin/../lib/gcc/arm-none-eabi/14.2.0/../../../../arm-none-eabi/lib/armv6k/fpu/libg.a(libc_a-findfp.o)
 .text.cleanup_stdio
                0x001137e0       0x5c /opt/devkitpro/devkitARM/bin/../lib/gcc/arm-none-eabi/14.2.0/../../../../arm-none-eabi/lib/armv6k/fpu/libg.a(libc_a-findfp.o)
 .text.global_stdio_init.part.0
                0x0011383c      0x154 /opt/devkitpro/devkitARM/bin/../lib/gcc/arm-none-eabi/14.2.0/../../../../arm-none-eabi/lib/armv6k/fpu/libg.a(libc_a-findfp.o)
 .text.__sinit  0x00113990       0x5c /opt/devkitpro/devkitARM/bin/../lib/gcc/arm-none-eabi/14.2.0/../../../../arm-none-eabi/lib/armv6k/fpu/libg.a(libc_a-findfp.o)
                0x00113990                __sinit
 .text.__sfp_lock_acquire
                0x001139ec        0xc /opt/devkitpro/devkitARM/bin/../lib/gcc/arm-none-eabi/14.2.0/../../../../arm-none-eabi/lib/armv6k/fpu/libg.a(libc_a-findfp.o)
                0x001139ec                __sfp_lock_acquire
 .text.__sfp_lock_release
                0x001139f8        0xc /opt/devkitpro/devkitARM/bin/../lib/gcc/arm-none-eabi/14.2.0/../../../../arm-none-eabi/lib/armv6k/fpu/libg.a(libc_a-findfp.o)
                0x001139f8                __sfp_lock_release
 .text._malloc_r
                0x00113a04      0x7e8 /opt/devkitpro/devkitARM/bin/../lib/gcc/arm-none-eabi/14.2.0/../../../../arm-none-eabi/lib/armv6k/fpu/libg.a(libc_a-mallocr.o)
                0x00113a04                _malloc_r
 .text.strcasecmp
                0x001141ec       0x64 /opt/devkitpro/devkitARM/bin/../lib/gcc/arm-none-eabi/14.2.0/../../../../arm-none-eabi/lib/armv6k/fpu/libg.a(libc_a-strcasecmp.o)
                0x001141ec                strcasecmp
 .text._malloc_trim_r
                0x00114250       0xf8 /opt/devkitpro/devkitARM/bin/../lib/gcc/arm-none-eabi/14.2.0/../../../../arm-none-eabi/lib/armv6k/fpu/libg.a(libc_a-freer.o)
                0x00114250                _malloc_trim_r
 .text._free_r  0x00114348      0x300 /opt/devkitpro/devkitARM/bin/../lib/gcc/arm-none-eabi/14.2.0/../../../../arm-none-eabi/lib/armv6k/fpu/libg.a(libc_a-freer.o)
                0x00114348                _free_r
 .text.strnlen  0x00114648       0x4c /opt/devkitpro/devkitARM/bin/../lib/gcc/arm-none-eabi/14.2.0/../../../../arm-none-eabi/lib/armv6k/fpu/libg.a(libc_a-strnlen.o)
                0x00114648                strnlen
 .text.__errno  0x00114694        0xc /opt/devkitpro/devkitARM/bin/../lib/gcc/arm-none-eabi/14.2.0/../../../../arm-none-eabi/lib/armv6k/fpu/libg.a(libc_a-errno.o)
                0x00114694                __errno
 .text.malloc   0x001146a0       0x34 /opt/devkitpro/devkitARM/bin/../lib/gcc/arm-none-eabi/14.2.0/../../../../arm-none-eabi/lib/armv6k/fpu/libg.a(libc_a-malloc.o)
                0x001146a0                malloc
 .text.free     0x001146d4       0x18 /opt/devkitpro/devkitARM/bin/../lib/gcc/arm-none-eabi/14.2.0/../../../../arm-none-eabi/lib/armv6k/fpu/libg.a(libc_a-malloc.o)
                0x001146d4                free
 .text.memcpy   0x001146ec      0x130 /opt/devkitpro/devkitARM/bin/../lib/gcc/arm-none-eabi/14.2.0/../../../../arm-none-eabi/lib/armv6k/fpu/libg.a(libc_a-memcpy-stub.o)
                0x001146ec                memcpy
 .text.time     0x0011481c       0x4c /opt/devkitpro/devkitARM/bin/../lib/gcc/arm-none-eabi/14.2.0/../../../../arm-none-eabi/lib/armv6k/fpu/libg.a(libc_a-time.o)
                0x0011481c                time
 .text.critical_factorization
                0x00114868      0x128 /opt/devkitpro/devkitARM/bin/../lib/gcc/arm-none-eabi/14.2.0/../../../../arm-none-eabi/lib/armv6k/fpu/libg.a(libc_a-strstr.o)
 .text.two_way_long_needle
                0x00114990      0x35c /opt/devkitpro/devkitARM/bin/../lib/gcc/arm-none-eabi/14.2.0/../../../../arm-none-eabi/lib/armv6k/fpu/libg.a(libc_a-strstr.o)
 .text.strstr   0x00114cec      0x23c /opt/devkitpro/devkitARM/bin/../lib/gcc/arm-none-eabi/14.2.0/../../../../arm-none-eabi/lib/armv6k/fpu/libg.a(libc_a-strstr.o)
                0x00114cec                strstr
 .text.memset   0x00114f28       0xe8 /opt/devkitpro/devkitARM/bin/../lib/gcc/arm-none-eabi/14.2.0/../../../../arm-none-eabi/lib/armv6k/fpu/libg.a(libc_a-memset.o)
                0x00114f28                memset
 .text._realloc_r
                0x00115010      0x4a4 /opt/devkitpro/devkitARM/bin/../lib/gcc/arm-none-eabi/14.2.0/../../../../arm-none-eabi/lib/armv6k/fpu/libg.a(libc_a-reallocr.o)
                0x00115010                _realloc_r
 .text._strdup_r
                0x001154b4       0x44 /opt/devkitpro/devkitARM/bin/../lib/gcc/arm-none-eabi/14.2.0/../../../../arm-none-eabi/lib/armv6k/fpu/libg.a(libc_a-strdup_r.o)
                0x001154b4                _strdup_r
 .text._fwalk_sglue
                0x001154f8       0x70 /opt/devkitpro/devkitARM/bin/../lib/gcc/arm-none-eabi/14.2.0/../../../../arm-none-eabi/lib/armv6k/fpu/libg.a(libc_a-fwalk.o)
                0x001154f8                _fwalk_sglue
 .text.__malloc_lock
                0x00115568        0xc /opt/devkitpro/devkitARM/bin/../lib/gcc/arm-none-eabi/14.2.0/../../../../arm-none-eabi/lib/armv6k/fpu/libg.a(libc_a-mlock.o)
                0x00115568                __malloc_lock
 .text.__malloc_unlock
                0x00115574        0xc /opt/devkitpro/devkitARM/bin/../lib/gcc/arm-none-eabi/14.2.0/../../../../arm-none-eabi/lib/armv6k/fpu/libg.a(libc_a-mlock.o)
                0x00115574                __malloc_unlock
 .text.__call_exitprocs
                0x00115580        0x4 /opt/devkitpro/devkitARM/bin/../lib/gcc/arm-none-eabi/14.2.0/../../../../arm-none-eabi/lib/armv6k/fpu/libg.a(libc_a-exit.o)
                0x00115580                __call_exitprocs
 .text.exit     0x00115584       0x30 /opt/devkitpro/devkitARM/bin/../lib/gcc/arm-none-eabi/14.2.0/../../../../arm-none-eabi/lib/armv6k/fpu/libg.a(libc_a-exit.o)
                0x00115584                exit
 .text.snprintf
                0x001155b4       0xd4 /opt/devkitpro/devkitARM/bin/../lib/gcc/arm-none-eabi/14.2.0/../../../../arm-none-eabi/lib/armv6k/fpu/libg.a(libc_a-snprintf.o)
                0x001155b4                snprintf
 .text.strncpy  0x00115688       0xc4 /opt/devkitpro/devkitARM/bin/../lib/gcc/arm-none-eabi/14.2.0/../../../../arm-none-eabi/lib/armv6k/fpu/libg.a(libc_a-strncpy.o)
                0x00115688                strncpy
 .text._perror_r
                0x0011574c      0x1e0 /opt/devkitpro/devkitARM/bin/../lib/gcc/arm-none-eabi/14.2.0/../../../../arm-none-eabi/lib/armv6k/fpu/libg.a(libc_a-perror.o)
                0x0011574c                _perror_r
 .text.perror   0x0011592c       0x18 /opt/devkitpro/devkitARM/bin/../lib/gcc/arm-none-eabi/14.2.0/../../../../arm-none-eabi/lib/armv6k/fpu/libg.a(libc_a-perror.o)
                0x0011592c                perror
 .text.__libc_init_array
                0x00115944       0x84 /opt/devkitpro/devkitARM/bin/../lib/gcc/arm-none-eabi/14.2.0/../../../../arm-none-eabi/lib/armv6k/fpu/libg.a(libc_a-init.o)
                0x00115944                __libc_init_array
 .text.__sflush_r
                0x001159c8      0x228 /opt/devkitpro/devkitARM/bin/../lib/gcc/arm-none-eabi/14.2.0/../../../../arm-none-eabi/lib/armv6k/fpu/libg.a(libc_a-fflush.o)
                0x001159c8                __sflush_r
 .text._fflush_r
                0x00115bf0       0x94 /opt/devkitpro/devkitARM/bin/../lib/gcc/arm-none-eabi/14.2.0/../../../../arm-none-eabi/lib/armv6k/fpu/libg.a(libc_a-fflush.o)
                0x00115bf0                _fflush_r
 .text.memmove  0x00115c84      0x160 /opt/devkitpro/devkitARM/bin/../lib/gcc/arm-none-eabi/14.2.0/../../../../arm-none-eabi/lib/armv6k/fpu/libg.a(libc_a-memmove.o)
                0x00115c84                memmove
 .text._strerror_r
                0x00115de4      0x414 /opt/devkitpro/devkitARM/bin/../lib/gcc/arm-none-eabi/14.2.0/../../../../arm-none-eabi/lib/armv6k/fpu/libg.a(libc_a-strerror.o)
                0x00115de4                _strerror_r
 .text._user_strerror
                0x001161f8        0x8 /opt/devkitpro/devkitARM/bin/../lib/gcc/arm-none-eabi/14.2.0/../../../../arm-none-eabi/lib/armv6k/fpu/libg.a(libc_a-u_strerr.o)
                0x001161f8                _user_strerror
 .text._memalign_r
                0x00116200      0x150 /opt/devkitpro/devkitARM/bin/../lib/gcc/arm-none-eabi/14.2.0/../../../../arm-none-eabi/lib/armv6k/fpu/libg.a(libc_a-malignr.o)
                0x00116200                _memalign_r
 .text.__libc_fini_array
                0x00116350       0x3c /opt/devkitpro/devkitARM/bin/../lib/gcc/arm-none-eabi/14.2.0/../../../../arm-none-eabi/lib/armv6k/fpu/libg.a(libc_a-fini.o)
                0x00116350                __libc_fini_array
 .text.__sread  0x0011638c       0x44 /opt/devkitpro/devkitARM/bin/../lib/gcc/arm-none-eabi/14.2.0/../../../../arm-none-eabi/lib/armv6k/fpu/libg.a(libc_a-stdio.o)
                0x0011638c                __sread
 .text.__swrite
                0x001163d0       0x68 /opt/devkitpro/devkitARM/bin/../lib/gcc/arm-none-eabi/14.2.0/../../../../arm-none-eabi/lib/armv6k/fpu/libg.a(libc_a-stdio.o)
                0x001163d0                __swrite
 .text.__sseek  0x00116438       0x40 /opt/devkitpro/devkitARM/bin/../lib/gcc/arm-none-eabi/14.2.0/../../../../arm-none-eabi/lib/armv6k/fpu/libg.a(libc_a-stdio.o)
                0x00116438                __sseek
 .text.__sclose
                0x00116478        0x8 /opt/devkitpro/devkitARM/bin/../lib/gcc/arm-none-eabi/14.2.0/../../../../arm-none-eabi/lib/armv6k/fpu/libg.a(libc_a-stdio.o)
                0x00116478                __sclose
 .text.get_arg  0x00116480      0x5e4 /opt/devkitpro/devkitARM/bin/../lib/gcc/arm-none-eabi/14.2.0/../../../../arm-none-eabi/lib/armv6k/fpu/libg.a(libc_a-svfprintf.o)
 *fill*         0x00116a64        0x4 
 .text._svfprintf_r
                0x00116a68     0x335c /opt/devkitpro/devkitARM/bin/../lib/gcc/arm-none-eabi/14.2.0/../../../../arm-none-eabi/lib/armv6k/fpu/libg.a(libc_a-svfprintf.o)
                0x00116a68                _svfprintf_r
 .text.fileno   0x00119dc4       0xac /opt/devkitpro/devkitARM/bin/../lib/gcc/arm-none-eabi/14.2.0/../../../../arm-none-eabi/lib/armv6k/fpu/libg.a(libc_a-fileno.o)
                0x00119dc4                fileno
 .text._wcsrtombs_r
                0x00119e70       0x28 /opt/devkitpro/devkitARM/bin/../lib/gcc/arm-none-eabi/14.2.0/../../../../arm-none-eabi/lib/armv6k/fpu/libg.a(libc_a-wcsrtombs.o)
                0x00119e70                _wcsrtombs_r
 .text.frexp    0x00119e98       0x88 /opt/devkitpro/devkitARM/bin/../lib/gcc/arm-none-eabi/14.2.0/../../../../arm-none-eabi/lib/armv6k/fpu/libg.a(libm_a-s_frexp.o)
                0x00119e98                frexp
 .text.__locale_mb_cur_max
                0x00119f20       0x24 /opt/devkitpro/devkitARM/bin/../lib/gcc/arm-none-eabi/14.2.0/../../../../arm-none-eabi/lib/armv6k/fpu/libg.a(libc_a-locale.o)
                0x00119f20                __locale_mb_cur_max
 .text.__ssprint_r
                0x00119f44       0xa4 /opt/devkitpro/devkitARM/bin/../lib/gcc/arm-none-eabi/14.2.0/../../../../arm-none-eabi/lib/armv6k/fpu/libg.a(libc_a-ssprint_r.o)
                0x00119f44                __ssprint_r
 .text.memchr   0x00119fe8       0xe0 /opt/devkitpro/devkitARM/bin/../lib/gcc/arm-none-eabi/14.2.0/../../../../arm-none-eabi/lib/armv6k/fpu/libg.a(libc_a-memchr-stub.o)
                0x00119fe8                memchr
 .text._wcsnrtombs_l
                0x0011a0c8      0x160 /opt/devkitpro/devkitARM/bin/../lib/gcc/arm-none-eabi/14.2.0/../../../../arm-none-eabi/lib/armv6k/fpu/libg.a(libc_a-wcsnrtombs.o)
                0x0011a0c8                _wcsnrtombs_l
 .text._wcsnrtombs_r
                0x0011a228       0x64 /opt/devkitpro/devkitARM/bin/../lib/gcc/arm-none-eabi/14.2.0/../../../../arm-none-eabi/lib/armv6k/fpu/libg.a(libc_a-wcsnrtombs.o)
                0x0011a228                _wcsnrtombs_r
 .text.__utf8_mbtowc
                0x0011a28c      0x324 /opt/devkitpro/devkitARM/bin/../lib/gcc/arm-none-eabi/14.2.0/../../../../arm-none-eabi/lib/armv6k/fpu/libg.a(libc_a-mbtowc_r.o)
                0x0011a28c                __utf8_mbtowc
 .text._localeconv_r
                0x0011a5b0       0x24 /opt/devkitpro/devkitARM/bin/../lib/gcc/arm-none-eabi/14.2.0/../../../../arm-none-eabi/lib/armv6k/fpu/libg.a(libc_a-localeconv.o)
                0x0011a5b0                _localeconv_r
 .text.quorem   0x0011a5d4      0x1b4 /opt/devkitpro/devkitARM/bin/../lib/gcc/arm-none-eabi/14.2.0/../../../../arm-none-eabi/lib/armv6k/fpu/libg.a(libc_a-dtoa.o)
 .text._dtoa_r  0x0011a788     0x1370 /opt/devkitpro/devkitARM/bin/../lib/gcc/arm-none-eabi/14.2.0/../../../../arm-none-eabi/lib/armv6k/fpu/libg.a(libc_a-dtoa.o)
                0x0011a788                _dtoa_r
 .text._wcrtomb_r
                0x0011baf8       0xa0 /opt/devkitpro/devkitARM/bin/../lib/gcc/arm-none-eabi/14.2.0/../../../../arm-none-eabi/lib/armv6k/fpu/libg.a(libc_a-wcrtomb.o)
                0x0011baf8                _wcrtomb_r
 .text.__ssputs_r
                0x0011bb98      0x128 /opt/devkitpro/devkitARM/bin/../lib/gcc/arm-none-eabi/14.2.0/../../../../arm-none-eabi/lib/armv6k/fpu/libg.a(libc_a-ssputs_r.o)
                0x0011bb98                __ssputs_r
 .text.__utf8_wctomb
                0x0011bcc0       0xf0 /opt/devkitpro/devkitARM/bin/../lib/gcc/arm-none-eabi/14.2.0/../../../../arm-none-eabi/lib/armv6k/fpu/libg.a(libc_a-wctomb_r.o)
                0x0011bcc0                __utf8_wctomb
 .text.__assert_func
                0x0011bdb0       0x5c /opt/devkitpro/devkitARM/bin/../lib/gcc/arm-none-eabi/14.2.0/../../../../arm-none-eabi/lib/armv6k/fpu/libg.a(libc_a-assert.o)
                0x0011bdb0                __assert_func
 .text._Balloc  0x0011be0c       0x88 /opt/devkitpro/devkitARM/bin/../lib/gcc/arm-none-eabi/14.2.0/../../../../arm-none-eabi/lib/armv6k/fpu/libg.a(libc_a-mprec.o)
                0x0011be0c                _Balloc
 .text._Bfree   0x0011be94       0x1c /opt/devkitpro/devkitARM/bin/../lib/gcc/arm-none-eabi/14.2.0/../../../../arm-none-eabi/lib/armv6k/fpu/libg.a(libc_a-mprec.o)
                0x0011be94                _Bfree
 .text.__multadd
                0x0011beb0       0xf4 /opt/devkitpro/devkitARM/bin/../lib/gcc/arm-none-eabi/14.2.0/../../../../arm-none-eabi/lib/armv6k/fpu/libg.a(libc_a-mprec.o)
                0x0011beb0                __multadd
 .text.__hi0bits
                0x0011bfa4       0x80 /opt/devkitpro/devkitARM/bin/../lib/gcc/arm-none-eabi/14.2.0/../../../../arm-none-eabi/lib/armv6k/fpu/libg.a(libc_a-mprec.o)
                0x0011bfa4                __hi0bits
 .text.__lo0bits
                0x0011c024       0xf4 /opt/devkitpro/devkitARM/bin/../lib/gcc/arm-none-eabi/14.2.0/../../../../arm-none-eabi/lib/armv6k/fpu/libg.a(libc_a-mprec.o)
                0x0011c024                __lo0bits
 .text.__i2b    0x0011c118       0xa4 /opt/devkitpro/devkitARM/bin/../lib/gcc/arm-none-eabi/14.2.0/../../../../arm-none-eabi/lib/armv6k/fpu/libg.a(libc_a-mprec.o)
                0x0011c118                __i2b
 .text.__multiply
                0x0011c1bc      0x208 /opt/devkitpro/devkitARM/bin/../lib/gcc/arm-none-eabi/14.2.0/../../../../arm-none-eabi/lib/armv6k/fpu/libg.a(libc_a-mprec.o)
                0x0011c1bc                __multiply
 .text.__pow5mult
                0x0011c3c4      0x130 /opt/devkitpro/devkitARM/bin/../lib/gcc/arm-none-eabi/14.2.0/../../../../arm-none-eabi/lib/armv6k/fpu/libg.a(libc_a-mprec.o)
                0x0011c3c4                __pow5mult
 .text.__lshift
                0x0011c4f4      0x138 /opt/devkitpro/devkitARM/bin/../lib/gcc/arm-none-eabi/14.2.0/../../../../arm-none-eabi/lib/armv6k/fpu/libg.a(libc_a-mprec.o)
                0x0011c4f4                __lshift
 .text.__mcmp   0x0011c62c       0x58 /opt/devkitpro/devkitARM/bin/../lib/gcc/arm-none-eabi/14.2.0/../../../../arm-none-eabi/lib/armv6k/fpu/libg.a(libc_a-mprec.o)
                0x0011c62c                __mcmp
 .text.__mdiff  0x0011c684      0x1f0 /opt/devkitpro/devkitARM/bin/../lib/gcc/arm-none-eabi/14.2.0/../../../../arm-none-eabi/lib/armv6k/fpu/libg.a(libc_a-mprec.o)
                0x0011c684                __mdiff
 .text.__d2b    0x0011c874      0x120 /opt/devkitpro/devkitARM/bin/../lib/gcc/arm-none-eabi/14.2.0/../../../../arm-none-eabi/lib/armv6k/fpu/libg.a(libc_a-mprec.o)
                0x0011c874                __d2b
 .text.fiprintf
                0x0011c994       0x3c /opt/devkitpro/devkitARM/bin/../lib/gcc/arm-none-eabi/14.2.0/../../../../arm-none-eabi/lib/armv6k/fpu/libg.a(libc_a-fiprintf.o)
                0x0011c994                fiprintf
 .text.abort    0x0011c9d0       0x14 /opt/devkitpro/devkitARM/bin/../lib/gcc/arm-none-eabi/14.2.0/../../../../arm-none-eabi/lib/armv6k/fpu/libg.a(libc_a-abort.o)
                0x0011c9d0                abort
 .text._raise_r
                0x0011c9e4       0x90 /opt/devkitpro/devkitARM/bin/../lib/gcc/arm-none-eabi/14.2.0/../../../../arm-none-eabi/lib/armv6k/fpu/libg.a(libc_a-signal.o)
                0x0011c9e4                _raise_r
 .text.raise    0x0011ca74       0x18 /opt/devkitpro/devkitARM/bin/../lib/gcc/arm-none-eabi/14.2.0/../../../../arm-none-eabi/lib/armv6k/fpu/libg.a(libc_a-signal.o)
                0x0011ca74                raise
 .text.get_arg  0x0011ca8c      0x5e4 /opt/devkitpro/devkitARM/bin/../lib/gcc/arm-none-eabi/14.2.0/../../../../arm-none-eabi/lib/armv6k/fpu/libg.a(libc_a-vfiprintf.o)
 .text._vfiprintf_r
                0x0011d070     0x2264 /opt/devkitpro/devkitARM/bin/../lib/gcc/arm-none-eabi/14.2.0/../../../../arm-none-eabi/lib/armv6k/fpu/libg.a(libc_a-vfiprintf.o)
                0x0011d070                _vfiprintf_r
 .text.__sbprintf
                0x0011f2d4       0xb8 /opt/devkitpro/devkitARM/bin/../lib/gcc/arm-none-eabi/14.2.0/../../../../arm-none-eabi/lib/armv6k/fpu/libg.a(libc_a-vfiprintf.o)
 .text.__sprint_r
                0x0011f38c       0x30 /opt/devkitpro/devkitARM/bin/../lib/gcc/arm-none-eabi/14.2.0/../../../../arm-none-eabi/lib/armv6k/fpu/libg.a(libc_a-sprint_r.o)
                0x0011f38c                __sprint_r
 .text.__swsetup_r
                0x0011f3bc      0x194 /opt/devkitpro/devkitARM/bin/../lib/gcc/arm-none-eabi/14.2.0/../../../../arm-none-eabi/lib/armv6k/fpu/libg.a(libc_a-wsetup.o)
                0x0011f3bc                __swsetup_r
 .text.__sfvwrite_r
                0x0011f550      0x480 /opt/devkitpro/devkitARM/bin/../lib/gcc/arm-none-eabi/14.2.0/../../../../arm-none-eabi/lib/armv6k/fpu/libg.a(libc_a-fvwrite.o)
                0x0011f550                __sfvwrite_r
 .text._exit    0x0011f9d0       0x20 /opt/devkitpro/devkitARM/bin/../lib/gcc/arm-none-eabi/14.2.0/../../../../arm-none-eabi/lib/armv6k/fpu/libsysbase.a(libsysbase_libsysbase_a-_exit.o)
                0x0011f9d0                _exit
 .text.chdir    0x0011f9f0      0x13c /opt/devkitpro/devkitARM/bin/../lib/gcc/arm-none-eabi/14.2.0/../../../../arm-none-eabi/lib/armv6k/fpu/libsysbase.a(libsysbase_libsysbase_a-chdir.o)
                0x0011f9f0                chdir
 .text._concatenate_path
                0x0011fb2c      0x1cc /opt/devkitpro/devkitARM/bin/../lib/gcc/arm-none-eabi/14.2.0/../../../../arm-none-eabi/lib/armv6k/fpu/libsysbase.a(libsysbase_libsysbase_a-concatenate.o)
                0x0011fb2c                _concatenate_path
 .text.__dirnext
                0x0011fcf8       0x68 /opt/devkitpro/devkitARM/bin/../lib/gcc/arm-none-eabi/14.2.0/../../../../arm-none-eabi/lib/armv6k/fpu/libsysbase.a(libsysbase_libsysbase_a-dirent.o)
 .text.opendir  0x0011fd60       0xf4 /opt/devkitpro/devkitARM/bin/../lib/gcc/arm-none-eabi/14.2.0/../../../../arm-none-eabi/lib/armv6k/fpu/libsysbase.a(libsysbase_libsysbase_a-dirent.o)
                0x0011fd60                opendir
 .text.closedir
                0x0011fe54       0x90 /opt/devkitpro/devkitARM/bin/../lib/gcc/arm-none-eabi/14.2.0/../../../../arm-none-eabi/lib/armv6k/fpu/libsysbase.a(libsysbase_libsysbase_a-dirent.o)
                0x0011fe54                closedir
 .text.readdir_r
                0x0011fee4       0xec /opt/devkitpro/devkitARM/bin/../lib/gcc/arm-none-eabi/14.2.0/../../../../arm-none-eabi/lib/armv6k/fpu/libsysbase.a(libsysbase_libsysbase_a-dirent.o)
                0x0011fee4                readdir_r
 .text.readdir  0x0011ffd0       0x40 /opt/devkitpro/devkitARM/bin/../lib/gcc/arm-none-eabi/14.2.0/../../../../arm-none-eabi/lib/armv6k/fpu/libsysbase.a(libsysbase_libsysbase_a-dirent.o)
                0x0011ffd0                readdir
 .text._fstat_r
                0x00120010       0x88 /opt/devkitpro/devkitARM/bin/../lib/gcc/arm-none-eabi/14.2.0/../../../../arm-none-eabi/lib/armv6k/fpu/libsysbase.a(libsysbase_libsysbase_a-fstat.o)
                0x00120010                _fstat_r
 .text._getpid_r
                0x00120098       0x14 /opt/devkitpro/devkitARM/bin/../lib/gcc/arm-none-eabi/14.2.0/../../../../arm-none-eabi/lib/armv6k/fpu/libsysbase.a(libsysbase_libsysbase_a-getpid.o)
                0x00120098                _getpid_r
 .text.__getreent
                0x001200ac       0x2c /opt/devkitpro/devkitARM/bin/../lib/gcc/arm-none-eabi/14.2.0/../../../../arm-none-eabi/lib/armv6k/fpu/libsysbase.a(libsysbase_libsysbase_a-getreent.o)
                0x001200ac                __getreent
 .text._gettimeofday_r
                0x001200d8       0x30 /opt/devkitpro/devkitARM/bin/../lib/gcc/arm-none-eabi/14.2.0/../../../../arm-none-eabi/lib/armv6k/fpu/libsysbase.a(libsysbase_libsysbase_a-gettod.o)
                0x001200d8                _gettimeofday_r
 .text.__get_handle
                0x00120108       0x3c /opt/devkitpro/devkitARM/bin/../lib/gcc/arm-none-eabi/14.2.0/../../../../arm-none-eabi/lib/armv6k/fpu/libsysbase.a(libsysbase_libsysbase_a-handle_manager.o)
                0x00120108                __get_handle
 .text._close_r
                0x00120144       0xf4 /opt/devkitpro/devkitARM/bin/../lib/gcc/arm-none-eabi/14.2.0/../../../../arm-none-eabi/lib/armv6k/fpu/libsysbase.a(libsysbase_libsysbase_a-handle_manager.o)
                0x00120144                _close_r
 .text.null_write
                0x00120238        0x8 /opt/devkitpro/devkitARM/bin/../lib/gcc/arm-none-eabi/14.2.0/../../../../arm-none-eabi/lib/armv6k/fpu/libsysbase.a(libsysbase_libsysbase_a-iosupport.o)
 .text.setDefaultDevice
                0x00120240       0x18 /opt/devkitpro/devkitARM/bin/../lib/gcc/arm-none-eabi/14.2.0/../../../../arm-none-eabi/lib/armv6k/fpu/libsysbase.a(libsysbase_libsysbase_a-iosupport.o)
                0x00120240                setDefaultDevice
 .text.FindDevice
                0x00120258       0xc8 /opt/devkitpro/devkitARM/bin/../lib/gcc/arm-none-eabi/14.2.0/../../../../arm-none-eabi/lib/armv6k/fpu/libsysbase.a(libsysbase_libsysbase_a-iosupport.o)
                0x00120258                FindDevice
 .text.RemoveDevice
                0x00120320       0x28 /opt/devkitpro/devkitARM/bin/../lib/gcc/arm-none-eabi/14.2.0/../../../../arm-none-eabi/lib/armv6k/fpu/libsysbase.a(libsysbase_libsysbase_a-iosupport.o)
                0x00120320                RemoveDevice
 .text.AddDevice
                0x00120348       0x98 /opt/devkitpro/devkitARM/bin/../lib/gcc/arm-none-eabi/14.2.0/../../../../arm-none-eabi/lib/armv6k/fpu/libsysbase.a(libsysbase_libsysbase_a-iosupport.o)
                0x00120348                AddDevice
 .text.GetDeviceOpTab
                0x001203e0       0x20 /opt/devkitpro/devkitARM/bin/../lib/gcc/arm-none-eabi/14.2.0/../../../../arm-none-eabi/lib/armv6k/fpu/libsysbase.a(libsysbase_libsysbase_a-iosupport.o)
                0x001203e0                GetDeviceOpTab
 .text._isatty_r
                0x00120400        0x8 /opt/devkitpro/devkitARM/bin/../lib/gcc/arm-none-eabi/14.2.0/../../../../arm-none-eabi/lib/armv6k/fpu/libsysbase.a(libsysbase_libsysbase_a-isatty.o)
                0x00120400                _isatty_r
 .text._kill_r  0x00120408       0x14 /opt/devkitpro/devkitARM/bin/../lib/gcc/arm-none-eabi/14.2.0/../../../../arm-none-eabi/lib/armv6k/fpu/libsysbase.a(libsysbase_libsysbase_a-kill.o)
                0x00120408                _kill_r
 .text._lseek_r
                0x0012041c       0x8c /opt/devkitpro/devkitARM/bin/../lib/gcc/arm-none-eabi/14.2.0/../../../../arm-none-eabi/lib/armv6k/fpu/libsysbase.a(libsysbase_libsysbase_a-lseek.o)
                0x0012041c                _lseek_r
 .text._read_r  0x001204a8       0x88 /opt/devkitpro/devkitARM/bin/../lib/gcc/arm-none-eabi/14.2.0/../../../../arm-none-eabi/lib/armv6k/fpu/libsysbase.a(libsysbase_libsysbase_a-read.o)
                0x001204a8                _read_r
 .text._sbrk_r  0x00120530       0x78 /opt/devkitpro/devkitARM/bin/../lib/gcc/arm-none-eabi/14.2.0/../../../../arm-none-eabi/lib/armv6k/fpu/libsysbase.a(libsysbase_libsysbase_a-sbrk.o)
                0x00120530                _sbrk_r
 .text.__libc_lock_acquire
                0x001205a8       0x1c /opt/devkitpro/devkitARM/bin/../lib/gcc/arm-none-eabi/14.2.0/../../../../arm-none-eabi/lib/armv6k/fpu/libsysbase.a(libsysbase_libsysbase_a-syscall_support.o)
                0x001205a8                __libc_lock_acquire
 .text.__libc_lock_release
                0x001205c4       0x1c /opt/devkitpro/devkitARM/bin/../lib/gcc/arm-none-eabi/14.2.0/../../../../arm-none-eabi/lib/armv6k/fpu/libsysbase.a(libsysbase_libsysbase_a-syscall_support.o)
                0x001205c4                __libc_lock_release
 .text.__libc_lock_acquire_recursive
                0x001205e0       0x1c /opt/devkitpro/devkitARM/bin/../lib/gcc/arm-none-eabi/14.2.0/../../../../arm-none-eabi/lib/armv6k/fpu/libsysbase.a(libsysbase_libsysbase_a-syscall_support.o)
                0x001205e0                __libc_lock_acquire_recursive
 .text.__libc_lock_release_recursive
                0x001205fc       0x1c /opt/devkitpro/devkitARM/bin/../lib/gcc/arm-none-eabi/14.2.0/../../../../arm-none-eabi/lib/armv6k/fpu/libsysbase.a(libsysbase_libsysbase_a-syscall_support.o)
                0x001205fc                __libc_lock_release_recursive
 .text._write_r
                0x00120618       0x88 /opt/devkitpro/devkitARM/bin/../lib/gcc/arm-none-eabi/14.2.0/../../../../arm-none-eabi/lib/armv6k/fpu/libsysbase.a(libsysbase_libsysbase_a-write.o)
                0x00120618                _write_r
 *(.glue_7)
 .glue_7        0x001206a0        0x0 linker stubs
 *(.glue_7t)
 .glue_7t       0x001206a0        0x0 linker stubs
 *(.stub)
 *(.gnu.warning)
 *(.gnu.linkonce.t*)
                0x001206a0                        . = ALIGN (0x4)
 *(.fini)
 .fini          0x001206a0        0xc /opt/devkitpro/devkitARM/bin/../lib/gcc/arm-none-eabi/14.2.0/armv6k/fpu/crti.o
                0x001206a0                _fini
 .fini          0x001206ac        0xc /opt/devkitpro/devkitARM/bin/../lib/gcc/arm-none-eabi/14.2.0/armv6k/fpu/crtn.o
                0x001206b8                        . = ALIGN (0x4)

.vfp11_veneer   0x001206b8        0x0
 .vfp11_veneer  0x001206b8        0x0 linker stubs

.v4_bx          0x001206b8        0x0
 .v4_bx         0x001206b8        0x0 linker stubs

.iplt           0x001206b8        0x0
 .iplt          0x001206b8        0x0 /opt/devkitpro/devkitARM/bin/../lib/gcc/arm-none-eabi/14.2.0/../../../../arm-none-eabi/lib/armv6k/fpu/3dsx_crt0.o
                0x00121000                        . = ALIGN (0x1000)

.rodata         0x00121000     0x1530
 *(.rodata)
 .rodata        0x00121000        0xc /opt/devkitpro/libctru/lib/libctru.a(romfs_dev.o)
 .rodata        0x0012100c        0xc /opt/devkitpro/libctru/lib/libctru.a(archive_dev.o)
 *(.roda)
 *(.rodata.*)
 .rodata.str1.4
                0x00121018      0xa27 main.o
                                0x110 (size before relaxing)
 .rodata.C2D_Init.str1.4
                0x00121a3f       0x10 /opt/devkitpro/libctru/lib/libcitro2d.a(base.o)
 *fill*         0x00121a3f        0x1 
 .rodata.render2d_shbin
                0x00121a40      0x190 /opt/devkitpro/libctru/lib/libcitro2d.a(render2d.shbin.o)
                0x00121a40                render2d_shbin
                0x00121bcc                render2d_shbin_size
                0x00121bcc                render2d_shbin_end
 .rodata.depthFmtSizes